 ewc

 Timestamp is 5c8dda66 (Sun Mar 17 13:25:58 2019)

 Preferred load address is 0000000180000000

 Start         Length     Name                   Class
 0001:00000000 00000060H .text$di                CODE
 0001:00000060 0000f0f0H .text$mn                CODE
 0001:0000f150 00000020H .text$mn$00             CODE
 0001:0000f170 00000430H .text$x                 CODE
 0002:00000000 00000250H .idata$5                DATA
 0002:00000250 00000010H .00cfg                  DATA
 0002:00000260 00000008H .CRT$XCA                DATA
 0002:00000268 00000018H .CRT$XCU                DATA
 0002:00000280 00000008H .CRT$XCZ                DATA
 0002:00000288 00000008H .CRT$XIA                DATA
 0002:00000290 00000018H .CRT$XIC                DATA
 0002:000002a8 00000008H .CRT$XIZ                DATA
 0002:000002b0 00000008H .CRT$XPA                DATA
 0002:000002b8 00000010H .CRT$XPX                DATA
 0002:000002c8 00000008H .CRT$XPXA               DATA
 0002:000002d0 00000008H .CRT$XPZ                DATA
 0002:000002d8 00000008H .CRT$XTA                DATA
 0002:000002e0 00000010H .CRT$XTZ                DATA
 0002:000002e8 00000000H .gfids$y                DATA
 0002:000002f0 00007620H .rdata                  DATA
 0002:00007910 0000037cH .rdata$r                DATA
 0002:00007c8c 000003acH .rdata$zzzdbg           DATA
 0002:00008038 00000008H .rtc$IAA                DATA
 0002:00008040 00000008H .rtc$IZZ                DATA
 0002:00008048 00000008H .rtc$TAA                DATA
 0002:00008050 00000010H .rtc$TZZ                DATA
 0002:00008060 00001120H .xdata                  DATA
 0002:00009180 000002c4H .xdata$x                DATA
 0002:00009444 00000020H .didat$2                DATA
 0002:00009464 00000024H .didat$3                DATA
 0002:00009488 00000100H .didat$4                DATA
 0002:00009588 00000310H .didat$6                DATA
 0002:00009898 00000108H .didat$7                DATA
 0002:000099a0 0000004cH .edata                  DATA
 0002:000099ec 00000014H .idata$2                DATA
 0002:00009a00 00000018H .idata$3                DATA
 0002:00009a18 00000250H .idata$4                DATA
 0002:00009c68 0000055eH .idata$6                DATA
 0003:00000000 00000a28H .data                   DATA
 0003:00000a28 000001d0H .data$r                 DATA
 0003:00000bf8 00000108H .didat$5                DATA
 0003:00000d00 00001218H .bss                    DATA
 0004:00000000 00001260H .pdata                  DATA
 0005:00000000 00000060H .rsrc$01                DATA
 0005:00000060 00000180H .rsrc$02                DATA

  Address         Publics by Value              Rva+Base               Lib:Object

 0000:00000000       __hybrid_code_map_count    0000000000000000     <absolute>
 0000:00000000       __hybrid_code_map          0000000000000000     <absolute>
 0000:00000000       __guard_iat_count          0000000000000000     <absolute>
 0000:00000000       __guard_longjmp_count      0000000000000000     <absolute>
 0000:00000000       __volatile_metadata        0000000000000000     <absolute>
 0000:00000000       __guard_longjmp_table      0000000000000000     <absolute>
 0000:00000000       __guard_iat_table          0000000000000000     <absolute>
 0000:00000000       __guard_fids_count         0000000000000000     <absolute>
 0000:00000000       ___safe_se_handler_count   0000000000000000     <absolute>
 0000:00000000       __enclave_config           0000000000000000     <absolute>
 0000:00000000       ___safe_se_handler_table   0000000000000000     <absolute>
 0000:00000000       __guard_fids_table         0000000000000000     <absolute>
 0000:00000000       __hybrid_auxiliary_iat     0000000000000000     <absolute>
 0000:00000000       __dynamic_value_reloc_table 0000000000000000     <absolute>
 0000:00000100       __guard_flags              0000000000000100     <absolute>
 0000:00000000       __ImageBase                0000000180000000     <linker-defined>
 0001:00000060       ??0exception@stdext@@QEAA@AEBV01@@Z 0000000180001060 f i ewc.obj
 0001:00000080       ?what@exception@stdext@@UEBAPEBDXZ 0000000180001080 f i ewc.obj
 0001:000000a0       ?_Doraise@exception@stdext@@MEBAXXZ 00000001800010a0 f i ewc.obj
 0001:000000a0       _guard_check_icall_nop     00000001800010a0 f i LIBCMT:guard_support.obj
 0001:000000b0       ??_Gexception@stdext@@UEAAPEAXI@Z 00000001800010b0 f i ewc.obj
 0001:000000b0       ??_Eexception@stdext@@UEAAPEAXI@Z 00000001800010b0 f i * CIL library *:* CIL module *
 0001:000000e0       ??BEnv@Napi@@QEBAPEAUnapi_env__@@XZ 00000001800010e0 f i ewc.obj
 0001:000000f0       ??1Error@Napi@@UEAA@XZ     00000001800010f0 f i ewc.obj
 0001:00000180       ?New@Error@Napi@@SA?AV12@PEAUnapi_env__@@@Z 0000000180001180 f i ewc.obj
 0001:00000380       ??_GError@Napi@@UEAAPEAXI@Z 0000000180001380 f i ewc.obj
 0001:00000380       ??_EError@Napi@@UEAAPEAXI@Z 0000000180001380 f i * CIL library *:* CIL module *
 0001:000003c0       ??0Error@Napi@@QEAA@AEBV01@@Z 00000001800013c0 f i ewc.obj
 0001:00000520       ?Message@Error@Napi@@QEBAAEBV?$basic_string@DU?$char_traits@D@std@@V?$allocator@D@2@@std@@XZ 0000000180001520 f i ewc.obj
 0001:00000810       ?ThrowAsJavaScriptException@Error@Napi@@QEBAXXZ 0000000180001810 f i ewc.obj
 0001:00000910       ?what@Error@Napi@@UEBAPEBDXZ 0000000180001910 f i ewc.obj
 0001:00000930       ??0?$Reference@VObject@Napi@@@Napi@@IEAA@AEBV01@@Z 0000000180001930 f i ewc.obj
 0001:00000930       ??0ObjectReference@Napi@@IEAA@AEBV01@@Z 0000000180001930 f i ewc.obj
 0001:00000a60       ?Get@ObjectReference@Napi@@QEBA?AVValue@2@PEBD@Z 0000000180001a60 f i ewc.obj
 0001:00000bf0       ?Init@@YA?AVObject@Napi@@VEnv@2@V12@@Z 0000000180001bf0 f   ewc.obj
 0001:00000db0       ?__napi_Init@@YAPEAUnapi_value__@@PEAUnapi_env__@@PEAU1@@Z 0000000180001db0 f   ewc.obj
 0001:00000e20       ?reserve@?$basic_string@DU?$char_traits@D@std@@V?$allocator@D@2@@std@@QEAAX_K@Z 0000000180001e20 f i ewc.obj
 0001:00000fe0       ??$WrapCallback@V<lambda_8c7377a71108815b2eee34f099f4cb99>@@@details@Napi@@YAPEAUnapi_value__@@V<lambda_8c7377a71108815b2eee34f099f4cb99>@@@Z 0000000180001fe0 f i ewc.obj
 0001:00001030       ??$_Reallocate_grow_by@V<lambda_e1befb086ad3257e3f042a63030725f7>@@_KD@?$basic_string@DU?$char_traits@D@std@@V?$allocator@D@2@@std@@QEAAAEAV01@_KV<lambda_e1befb086ad3257e3f042a63030725f7>@@_KD@Z 0000000180002030 f i ewc.obj
 0001:000011a0       ?_Xlen@?$basic_string@DU?$char_traits@D@std@@V?$allocator@D@2@@std@@SAXXZ 00000001800021a0 f i ewc.obj
 0001:000011c0       ??ACallbackInfo@Napi@@QEBA?BVValue@1@_K@Z 00000001800021c0 f i swca.obj
 0001:00001290       ?setComposition@swca@@YA?AVValue@Napi@@AEBVCallbackInfo@3@@Z 0000000180002290 f   swca.obj
 0001:00001580       ?Wrapper@?$CallbackData@P6A?AVValue@Napi@@AEBVCallbackInfo@2@@ZV12@@details@Napi@@SAPEAUnapi_value__@@PEAUnapi_env__@@PEAUnapi_callback_info__@@@Z 0000000180002580 f i swca.obj
 0001:000015c0       ??$WrapCallback@V<lambda_4b130013be4a466940e6fe08d32cda83>@@@details@Napi@@YAPEAUnapi_value__@@V<lambda_4b130013be4a466940e6fe08d32cda83>@@@Z 00000001800025c0 f i swca.obj
 0001:000017ec       __imp_load_napi_open_handle_scope 00000001800027ec f   node:node.exe
 0001:000017f8       __tailMerge_node_exe       00000001800027f8     node:node.exe
 0001:00001871       __imp_load_napi_get_last_error_info 0000000180002871 f   node:node.exe
 0001:0000187d       __imp_load_napi_create_error 000000018000287d f   node:node.exe
 0001:00001889       __imp_load_napi_delete_reference 0000000180002889 f   node:node.exe
 0001:00001895       __imp_load_napi_fatal_error 0000000180002895 f   node:node.exe
 0001:000018a1       __imp_load_napi_is_exception_pending 00000001800028a1 f   node:node.exe
 0001:000018ad       __imp_load_napi_get_value_string_utf8 00000001800028ad f   node:node.exe
 0001:000018b9       __imp_load_napi_close_escapable_handle_scope 00000001800028b9 f   node:node.exe
 0001:000018c5       __imp_load_napi_escape_handle 00000001800028c5 f   node:node.exe
 0001:000018d1       __imp_load_napi_create_type_error 00000001800028d1 f   node:node.exe
 0001:000018dd       __imp_load_napi_create_string_utf8 00000001800028dd f   node:node.exe
 0001:000018e9       __imp_load_napi_module_register 00000001800028e9 f   node:node.exe
 0001:000018f5       __imp_load_napi_get_named_property 00000001800028f5 f   node:node.exe
 0001:00001901       __imp_load_napi_throw      0000000180002901 f   node:node.exe
 0001:0000190d       __imp_load_napi_get_and_clear_last_exception 000000018000290d f   node:node.exe
 0001:00001919       __imp_load_napi_open_escapable_handle_scope 0000000180002919 f   node:node.exe
 0001:00001925       __imp_load_napi_create_reference 0000000180002925 f   node:node.exe
 0001:00001931       __imp_load_napi_close_handle_scope 0000000180002931 f   node:node.exe
 0001:0000193d       __imp_load_napi_get_reference_value 000000018000293d f   node:node.exe
 0001:00001949       __imp_load_napi_create_function 0000000180002949 f   node:node.exe
 0001:00001955       __imp_load_napi_coerce_to_number 0000000180002955 f   node:node.exe
 0001:00001961       __imp_load_napi_get_boolean 0000000180002961 f   node:node.exe
 0001:0000196d       __imp_load_napi_create_symbol 000000018000296d f   node:node.exe
 0001:00001979       __imp_load_napi_create_external 0000000180002979 f   node:node.exe
 0001:00001985       __imp_load_napi_set_named_property 0000000180002985 f   node:node.exe
 0001:00001991       __imp_load_napi_define_properties 0000000180002991 f   node:node.exe
 0001:0000199d       __imp_load_napi_get_value_uint32 000000018000299d f   node:node.exe
 0001:000019a9       __imp_load_napi_get_value_int32 00000001800029a9 f   node:node.exe
 0001:000019b5       __imp_load_napi_get_undefined 00000001800029b5 f   node:node.exe
 0001:000019c1       __imp_load_napi_get_typedarray_info 00000001800029c1 f   node:node.exe
 0001:000019cd       __imp_load_napi_get_cb_info 00000001800029cd f   node:node.exe
 0001:000019dc       ??0bad_alloc@std@@QEAA@AEBV01@@Z 00000001800029dc f i libcpmt:xthrow.obj
 0001:00001a1c       ??0bad_alloc@std@@QEAA@XZ  0000000180002a1c f i libcpmt:xthrow.obj
 0001:00001a3c       ??0exception@std@@QEAA@AEBV01@@Z 0000000180002a3c f i libcpmt:xthrow.obj
 0001:00001a74       ??0length_error@std@@QEAA@AEBV01@@Z 0000000180002a74 f i libcpmt:xthrow.obj
 0001:00001ab4       ??0length_error@std@@QEAA@PEBD@Z 0000000180002ab4 f i libcpmt:xthrow.obj
 0001:00001b00       ??0logic_error@std@@QEAA@AEBV01@@Z 0000000180002b00 f i libcpmt:xthrow.obj
 0001:00001b40       ??1bad_array_new_length@std@@UEAA@XZ 0000000180002b40 f i LIBCMT:throw_bad_alloc.obj
 0001:00001b40       ??1bad_alloc@std@@UEAA@XZ  0000000180002b40 f i libcpmt:xthrow.obj
 0001:00001b40       ??1bad_exception@std@@UEAA@XZ 0000000180002b40 f i libvcruntime:frame.obj
 0001:00001b40       ??1length_error@std@@UEAA@XZ 0000000180002b40 f i libcpmt:xthrow.obj
 0001:00001b54       ??_Elogic_error@std@@UEAAPEAXI@Z 0000000180002b54 f i libcpmt:xthrow.obj
 0001:00001b54       ??_Ebad_array_new_length@std@@UEAAPEAXI@Z 0000000180002b54 f i LIBCMT:throw_bad_alloc.obj
 0001:00001b54       ??_Eexception@std@@UEAAPEAXI@Z 0000000180002b54 f i libcpmt:xthrow.obj
 0001:00001b54       ??_Gbad_exception@std@@UEAAPEAXI@Z 0000000180002b54 f i libvcruntime:frame.obj
 0001:00001b54       ??_Glength_error@std@@UEAAPEAXI@Z 0000000180002b54 f i libcpmt:xthrow.obj
 0001:00001b54       ??_Ebad_alloc@std@@UEAAPEAXI@Z 0000000180002b54 f i libcpmt:xthrow.obj
 0001:00001b54       ??_Gbad_array_new_length@std@@UEAAPEAXI@Z 0000000180002b54 f i LIBCMT:throw_bad_alloc.obj
 0001:00001b54       ??_Elength_error@std@@UEAAPEAXI@Z 0000000180002b54 f i libcpmt:xthrow.obj
 0001:00001b54       ??_Glogic_error@std@@UEAAPEAXI@Z 0000000180002b54 f i libcpmt:xthrow.obj
 0001:00001b54       ??_Gbad_alloc@std@@UEAAPEAXI@Z 0000000180002b54 f i libcpmt:xthrow.obj
 0001:00001b54       ??_Gexception@std@@UEAAPEAXI@Z 0000000180002b54 f i libcpmt:xthrow.obj
 0001:00001b54       ??_Ebad_exception@std@@UEAAPEAXI@Z 0000000180002b54 f i libvcruntime:frame.obj
 0001:00001b98       ?_Xlength_error@std@@YAXPEBD@Z 0000000180002b98 f   libcpmt:xthrow.obj
 0001:00001bbc       ?what@exception@std@@UEBAPEBDXZ 0000000180002bbc f i libcpmt:xthrow.obj
 0001:00001be0       __security_check_cookie    0000000180002be0 f   LIBCMT:amdsecgs.obj
 0001:00001c04       ??2@YAPEAX_K@Z             0000000180002c04 f   LIBCMT:new_scalar.obj
 0001:00001c40       ??3@YAXPEAX_K@Z            0000000180002c40 f   LIBCMT:delete_scalar_size.obj
 0001:00001c40       ??_V@YAXPEAX@Z             0000000180002c40 f   LIBCMT:delete_array.obj
 0001:00001c48       ??_Etype_info@@UEAAPEAXI@Z 0000000180002c48 f i LIBCMT:std_type_info_static.obj
 0001:00001c48       ??_Gtype_info@@UEAAPEAXI@Z 0000000180002c48 f i LIBCMT:std_type_info_static.obj
 0001:00001c74       ??_U@YAPEAX_K@Z            0000000180002c74 f   LIBCMT:new_array.obj
 0001:00001fac       _DllMainCRTStartup         0000000180002fac f   LIBCMT:dll_dllmain.obj
 0001:00001fec       __raise_securityfailure    0000000180002fec f   LIBCMT:gs_report.obj
 0001:00002020       __report_gsfailure         0000000180003020 f   LIBCMT:gs_report.obj
 0001:000020f4       __report_rangecheckfailure 00000001800030f4 f   LIBCMT:gs_report.obj
 0001:00002108       __report_securityfailure   0000000180003108 f   LIBCMT:gs_report.obj
 0001:00002288       ??0bad_array_new_length@std@@QEAA@AEBV01@@Z 0000000180003288 f i LIBCMT:throw_bad_alloc.obj
 0001:000022c8       ??0bad_array_new_length@std@@QEAA@XZ 00000001800032c8 f i LIBCMT:throw_bad_alloc.obj
 0001:000022e8       ?__scrt_throw_std_bad_alloc@@YAXXZ 00000001800032e8 f   LIBCMT:throw_bad_alloc.obj
 0001:00002308       ?__scrt_throw_std_bad_array_new_length@@YAXXZ 0000000180003308 f   LIBCMT:throw_bad_alloc.obj
 0001:00002328       ??3@YAXPEAX@Z              0000000180003328 f   LIBCMT:delete_scalar.obj
 0001:00002330       __security_init_cookie     0000000180003330 f   LIBCMT:gs_support.obj
 0001:000023dc       DllMain                    00000001800033dc f   LIBCMT:dll_dllmain_stub.obj
 0001:000023dc       _get_startup_argv_mode     00000001800033dc f   LIBCMT:argv_mode.obj
 0001:000023e4       ?__scrt_initialize_type_info@@YAXXZ 00000001800033e4 f   LIBCMT:tncleanup.obj
 0001:000023f4       ?__scrt_uninitialize_type_info@@YAXXZ 00000001800033f4 f   LIBCMT:tncleanup.obj
 0001:00002400       __local_stdio_printf_options 0000000180003400 f i LIBCMT:default_local_stdio_options.obj
 0001:00002408       __local_stdio_scanf_options 0000000180003408 f i LIBCMT:default_local_stdio_options.obj
 0001:00002410       __scrt_initialize_default_local_stdio_options 0000000180003410 f   LIBCMT:default_local_stdio_options.obj
 0001:0000242c       __scrt_acquire_startup_lock 000000018000342c f   LIBCMT:utility.obj
 0001:00002468       __scrt_dllmain_after_initialize_c 0000000180003468 f   LIBCMT:utility.obj
 0001:0000249c       __scrt_dllmain_before_initialize_c 000000018000349c f   LIBCMT:utility.obj
 0001:000024b4       __scrt_dllmain_crt_thread_attach 00000001800034b4 f   LIBCMT:utility.obj
 0001:000024dc       __scrt_dllmain_crt_thread_detach 00000001800034dc f   LIBCMT:utility.obj
 0001:000024f4       __scrt_dllmain_exception_filter 00000001800034f4 f   LIBCMT:utility.obj
 0001:00002554       __scrt_dllmain_uninitialize_c 0000000180003554 f   LIBCMT:utility.obj
 0001:00002584       __scrt_dllmain_uninitialize_critical 0000000180003584 f   LIBCMT:utility.obj
 0001:00002598       __scrt_initialize_crt      0000000180003598 f   LIBCMT:utility.obj
 0001:000025e4       __scrt_initialize_onexit_tables 00000001800035e4 f   LIBCMT:utility.obj
 0001:000026bc       __scrt_is_nonwritable_in_current_image 00000001800036bc f   LIBCMT:utility.obj
 0001:00002758       __scrt_release_startup_lock 0000000180003758 f   LIBCMT:utility.obj
 0001:0000277c       __scrt_uninitialize_crt    000000018000377c f   LIBCMT:utility.obj
 0001:000027a8       __scrt_get_dyn_tls_init_callback 00000001800037a8 f   LIBCMT:dyn_tls_init.obj
 0001:000027b0       __crt_debugger_hook        00000001800037b0 f   LIBCMT:utility_desktop.obj
 0001:000027b8       __scrt_fastfail            00000001800037b8 f   LIBCMT:utility_desktop.obj
 0001:00002904       _RTC_Initialize            0000000180003904 f   LIBCMT:initsect.obj
 0001:00002940       _RTC_Terminate             0000000180003940 f   LIBCMT:initsect.obj
 0001:0000297c       __isa_available_init       000000018000397c f   LIBCMT:cpu_disp.obj
 0001:00002b38       __scrt_is_ucrt_dll_in_use  0000000180003b38 f   LIBCMT:ucrt_detection.obj
 0001:00002b50       __std_exception_copy       0000000180003b50 f   libvcruntime:std_exception.obj
 0001:00002be0       __std_exception_destroy    0000000180003be0 f   libvcruntime:std_exception.obj
 0001:00002c08       _CxxThrowException         0000000180003c08 f   libvcruntime:throw.obj
 0001:00002cc8       __C_specific_handler       0000000180003cc8 f   libvcruntime:riscchandler.obj
 0001:00002ed4       __std_type_info_compare    0000000180003ed4 f   libvcruntime:std_type_info.obj
 0001:00002efc       __std_type_info_destroy_list 0000000180003efc f   libvcruntime:std_type_info.obj
 0001:00002f28       __vcrt_initialize          0000000180003f28 f   libvcruntime:initialization.obj
 0001:00002f5c       __vcrt_thread_attach       0000000180003f5c f   libvcruntime:initialization.obj
 0001:00002f70       __vcrt_thread_detach       0000000180003f70 f   libvcruntime:initialization.obj
 0001:00002f84       __vcrt_uninitialize        0000000180003f84 f   libvcruntime:initialization.obj
 0001:00002fa4       __vcrt_uninitialize_critical 0000000180003fa4 f   libvcruntime:initialization.obj
 0001:00002fd0       memset_repmovs             0000000180003fd0 f   libvcruntime:memset.obj
 0001:00002ff0       memset                     0000000180003ff0 f   libvcruntime:memset.obj
 0001:00003190       _NLG_Notify                0000000180004190 f   libvcruntime:notify.obj
 0001:000031b0       __NLG_Dispatch2            00000001800041b0 f   libvcruntime:notify.obj
 0001:000031c0       __NLG_Return2              00000001800041c0 f   libvcruntime:notify.obj
 0001:000031c4       __except_validate_context_record 00000001800041c4 f   libvcruntime:jbcxrval.obj
 0001:000031fc       __DestructExceptionObject  00000001800041fc f   libvcruntime:ehhelpers.obj
 0001:00003270       ?_CallMemberFunction0@@YAXQEAX0@Z 0000000180004270 f i libvcruntime:ehhelpers.obj
 0001:00003274       _IsExceptionObjectToBeDestroyed 0000000180004274 f   libvcruntime:ehhelpers.obj
 0001:000032a4       __AdjustPointer            00000001800042a4 f   libvcruntime:ehhelpers.obj
 0001:000032c8       __FrameUnwindFilter        00000001800042c8 f   libvcruntime:ehhelpers.obj
 0001:00003314       __vcrt_freefls             0000000180004314 f   libvcruntime:per_thread_data.obj
 0001:00003334       __vcrt_freeptd             0000000180004334 f   libvcruntime:per_thread_data.obj
 0001:00003384       __vcrt_getptd              0000000180004384 f   libvcruntime:per_thread_data.obj
 0001:000033a0       __vcrt_getptd_noexit       00000001800043a0 f   libvcruntime:per_thread_data.obj
 0001:0000346c       __vcrt_initialize_ptd      000000018000446c f   libvcruntime:per_thread_data.obj
 0001:000034c0       __vcrt_uninitialize_ptd    00000001800044c0 f   libvcruntime:per_thread_data.obj
 0001:000034e4       __vcrt_initialize_locks    00000001800044e4 f   libvcruntime:locks.obj
 0001:0000352c       __vcrt_uninitialize_locks  000000018000452c f   libvcruntime:locks.obj
 0001:0000373c       __vcrt_FlsAlloc            000000018000473c f   libvcruntime:winapi_downlevel.obj
 0001:00003784       __vcrt_FlsFree             0000000180004784 f   libvcruntime:winapi_downlevel.obj
 0001:000037cc       __vcrt_FlsGetValue         00000001800047cc f   libvcruntime:winapi_downlevel.obj
 0001:00003814       __vcrt_FlsSetValue         0000000180004814 f   libvcruntime:winapi_downlevel.obj
 0001:00003868       __vcrt_InitializeCriticalSectionEx 0000000180004868 f   libvcruntime:winapi_downlevel.obj
 0001:000038cc       __vcrt_initialize_winapi_thunks 00000001800048cc f   libvcruntime:winapi_downlevel.obj
 0001:000038fc       __vcrt_uninitialize_winapi_thunks 00000001800048fc f   libvcruntime:winapi_downlevel.obj
 0001:0000393c       __vcrt_initialize_pure_virtual_call_handler 000000018000493c f   libvcruntime:purevirt_data.obj
 0001:0000394c       ??$_CallSETranslator@V__FrameHandler3@@@@YAHPEAUEHExceptionRecord@@PEA_KPEAU_CONTEXT@@PEAU_xDISPATCHER_CONTEXT@@PEBU_s_FuncInfo@@K1@Z 000000018000494c f i libvcruntime:risctrnsctrl.obj
 0001:000039a0       ?CatchTryBlock@__FrameHandler3@@SAPEBU_s_TryBlockMapEntry@@PEBU_s_FuncInfo@@H@Z 00000001800049a0 f   libvcruntime:risctrnsctrl.obj
 0001:000039f8       ?ExecutionInCatch@__FrameHandler3@@SA_NPEAU_xDISPATCHER_CONTEXT@@PEBU_s_FuncInfo@@@Z 00000001800049f8 f   libvcruntime:risctrnsctrl.obj
 0001:00003a24       ?FrameUnwindToEmptyState@__FrameHandler3@@SAXPEA_KPEAU_xDISPATCHER_CONTEXT@@PEBU_s_FuncInfo@@@Z 0000000180004a24 f   libvcruntime:risctrnsctrl.obj
 0001:00003a88       ?GetEstablisherFrame@__FrameHandler3@@SAPEA_KPEA_KPEAU_xDISPATCHER_CONTEXT@@PEBU_s_FuncInfo@@0@Z 0000000180004a88 f   libvcruntime:risctrnsctrl.obj
 0001:00003b54       ?GetRangeOfTrysToCheck@__FrameHandler3@@SA?AU?$pair@Viterator@TryBlockMap@__FrameHandler3@@V123@@std@@AEAVTryBlockMap@1@HH@Z 0000000180004b54 f   libvcruntime:risctrnsctrl.obj
 0001:00003cb0       ?UnwindNestedFrames@__FrameHandler3@@SAXPEA_KPEAUEHExceptionRecord@@PEAU_CONTEXT@@0PEAXPEBU_s_FuncInfo@@HHPEBU_s_HandlerType@@PEAU_xDISPATCHER_CONTEXT@@E@Z 0000000180004cb0 f   libvcruntime:risctrnsctrl.obj
 0001:00003dd4       _CreateFrameInfo           0000000180004dd4 f   libvcruntime:risctrnsctrl.obj
 0001:00003e10       _FindAndUnlinkFrame        0000000180004e10 f   libvcruntime:risctrnsctrl.obj
 0001:00003e64       _GetImageBase              0000000180004e64 f   libvcruntime:risctrnsctrl.obj
 0001:00003e78       _GetThrowImageBase         0000000180004e78 f   libvcruntime:risctrnsctrl.obj
 0001:00003e8c       _SetImageBase              0000000180004e8c f   libvcruntime:risctrnsctrl.obj
 0001:00003ea4       _SetThrowImageBase         0000000180004ea4 f   libvcruntime:risctrnsctrl.obj
 0001:00003ebc       __CxxFrameHandler3         0000000180004ebc f   libvcruntime:risctrnsctrl.obj
 0001:00003f50       memcpy_repmovs             0000000180004f50 f   libvcruntime:memcpy.obj
 0001:00003f70       memmove                    0000000180004f70 f   libvcruntime:memcpy.obj
 0001:00003f70       memcpy                     0000000180004f70 f   libvcruntime:memcpy.obj
 0001:000043a8       ?GetCurrentState@__FrameHandler3@@SAHPEA_KPEAU_xDISPATCHER_CONTEXT@@PEBU_s_FuncInfo@@@Z 00000001800053a8 f   libvcruntime:ehstate.obj
 0001:000043d0       ?GetUnwindTryBlock@__FrameHandler3@@SAHPEA_KPEAU_xDISPATCHER_CONTEXT@@PEBU_s_FuncInfo@@@Z 00000001800053d0 f   libvcruntime:ehstate.obj
 0001:000043fc       ?SetState@__FrameHandler3@@SAXPEA_KPEBU_s_FuncInfo@@H@Z 00000001800053fc f   libvcruntime:ehstate.obj
 0001:00004408       ?SetUnwindTryBlock@__FrameHandler3@@SAXPEA_KPEAU_xDISPATCHER_CONTEXT@@PEBU_s_FuncInfo@@H@Z 0000000180005408 f   libvcruntime:ehstate.obj
 0001:00004444       ?StateFromControlPc@__FrameHandler3@@SAHPEBU_s_FuncInfo@@PEAU_xDISPATCHER_CONTEXT@@@Z 0000000180005444 f   libvcruntime:ehstate.obj
 0001:0000444c       ?StateFromIp@__FrameHandler3@@SAHPEBU_s_FuncInfo@@PEAU_xDISPATCHER_CONTEXT@@_K@Z 000000018000544c f   libvcruntime:ehstate.obj
 0001:00004ed8       ??$TypeMatchHelper@V__FrameHandler3@@@@YAHPEBU_s_HandlerType@@PEBU_s_CatchableType@@PEBU_s_ThrowInfo@@@Z 0000000180005ed8 f i libvcruntime:frame.obj
 0001:0000501c       ??$__InternalCxxFrameHandler@V__FrameHandler3@@@@YA?AW4_EXCEPTION_DISPOSITION@@PEAUEHExceptionRecord@@PEA_KPEAU_CONTEXT@@PEAU_xDISPATCHER_CONTEXT@@PEBU_s_FuncInfo@@H1E@Z 000000018000601c f i libvcruntime:frame.obj
 0001:00005264       ??0bad_exception@std@@QEAA@AEBV01@@Z 0000000180006264 f i libvcruntime:frame.obj
 0001:000052a4       ??0bad_exception@std@@QEAA@XZ 00000001800062a4 f i libvcruntime:frame.obj
 0001:000052c4       ?CxxCallCatchBlock@__FrameHandler3@@SAPEAXPEAU_EXCEPTION_RECORD@@@Z 00000001800062c4 f   libvcruntime:frame.obj
 0001:00005538       ?FrameUnwindToState@__FrameHandler3@@SAXPEA_KPEAU_xDISPATCHER_CONTEXT@@PEBU_s_FuncInfo@@H@Z 0000000180006538 f   libvcruntime:frame.obj
 0001:000056cc       ?GetHandlerSearchState@__FrameHandler3@@SAHPEA_KPEAU_xDISPATCHER_CONTEXT@@PEBU_s_FuncInfo@@@Z 00000001800066cc f i libvcruntime:frame.obj
 0001:000058d0       ?_CallMemberFunction1@@YAXQEAX00@Z 00000001800068d0 f i libvcruntime:frame.obj
 0001:000058dc       ?_CallMemberFunction2@@YAXQEAX00H@Z 00000001800068dc f i libvcruntime:frame.obj
 0001:00005900       _CallSettingFrame          0000000180006900 f   libvcruntime:handlers.obj
 0001:00005950       _CallSettingFrameEncoded   0000000180006950 f   libvcruntime:handlers.obj
 0001:00005998       __acrt_call_reportfault    0000000180006998 f   libucrt:invalid_parameter.obj
 0001:00005af4       __acrt_initialize_invalid_parameter_handler 0000000180006af4 f   libucrt:invalid_parameter.obj
 0001:00005afc       _invalid_parameter         0000000180006afc f   libucrt:invalid_parameter.obj
 0001:00005bac       _invalid_parameter_noinfo  0000000180006bac f   libucrt:invalid_parameter.obj
 0001:00005bcc       _invalid_parameter_noinfo_noreturn 0000000180006bcc f   libucrt:invalid_parameter.obj
 0001:00005bfc       _invoke_watson             0000000180006bfc f   libucrt:invalid_parameter.obj
 0001:00005c44       ??0_LocaleUpdate@@QEAA@QEAU__crt_locale_pointers@@@Z 0000000180006c44 f i libucrt:stricmp.obj
 0001:00005ce0       __ascii_stricmp            0000000180006ce0 f   libucrt:stricmp.obj
 0001:00005d20       _stricmp                   0000000180006d20 f   libucrt:stricmp.obj
 0001:00005d68       _stricmp_l                 0000000180006d68 f   libucrt:stricmp.obj
 0001:00005e1c       __acrt_initialize_new_handler 0000000180006e1c f   libucrt:new_handler.obj
 0001:00005e24       _callnewh                  0000000180006e24 f   libucrt:new_handler.obj
 0001:00005e54       _query_new_handler         0000000180006e54 f   libucrt:new_handler.obj
 0001:00005e88       malloc                     0000000180006e88 f   libucrt:malloc.obj
 0001:00005e90       _initterm                  0000000180006e90 f   libucrt:initterm.obj
 0001:00005ef4       _initterm_e                0000000180006ef4 f   libucrt:initterm.obj
 0001:00005f34       free                       0000000180006f34 f   libucrt:free.obj
 0001:00005f48       _seh_filter_dll            0000000180006f48 f   libucrt:exception_filter.obj
 0001:00005f5c       _seh_filter_exe            0000000180006f5c f   libucrt:exception_filter.obj
 0001:0000634c       __acrt_initialize_thread_local_exit_callback 000000018000734c f   libucrt:exit.obj
 0001:00006354       _cexit                     0000000180007354 f   libucrt:exit.obj
 0001:00006364       _exit                      0000000180007364 f   libucrt:exit.obj
 0001:00006370       _is_c_termination_complete 0000000180007370 f   libucrt:exit.obj
 0001:0000653c       __acrt_allocate_buffer_for_argv 000000018000753c f   libucrt:argv_parsing.obj
 0001:0000659c       _configure_narrow_argv     000000018000759c f   libucrt:argv_parsing.obj
 0001:00006914       __dcrt_uninitialize_environments_nolock 0000000180007914 f   libucrt:environment_initialization.obj
 0001:0000694c       _initialize_narrow_environment 000000018000794c f   libucrt:environment_initialization.obj
 0001:00006aa8       _execute_onexit_table      0000000180007aa8 f   libucrt:onexit.obj
 0001:00006ae4       _initialize_onexit_table   0000000180007ae4 f   libucrt:onexit.obj
 0001:00006b44       __acrt_uninitialize_command_line 0000000180007b44 f   libucrt:argv_data.obj
 0001:00006c3c       __acrt_initialize          0000000180007c3c f   libucrt:initialization.obj
 0001:00006c50       __acrt_thread_attach       0000000180007c50 f   libucrt:initialization.obj
 0001:00006c64       __acrt_thread_detach       0000000180007c64 f   libucrt:initialization.obj
 0001:00006c74       __acrt_uninitialize        0000000180007c74 f   libucrt:initialization.obj
 0001:00006cac       __acrt_uninitialize_critical 0000000180007cac f   libucrt:initialization.obj
 0001:00006cbc       terminate                  0000000180007cbc f   libucrt:terminate.obj
 0001:00006cdc       strcpy_s                   0000000180007cdc f   libucrt:strcpy_s.obj
 0001:00006d50       strncmp                    0000000180007d50 f   libucrt:strncmp.obj
 0001:00006dd0       abort                      0000000180007dd0 f   libucrt:abort.obj
 0001:00006e28       calloc                     0000000180007e28 f   libucrt:calloc.obj
 0001:00006e30       wcsncmp                    0000000180007e30 f   libucrt:wcsncmp.obj
 0001:000071d4       __acrt_freeptd             00000001800081d4 f   libucrt:per_thread_data.obj
 0001:00007218       __acrt_getptd              0000000180008218 f   libucrt:per_thread_data.obj
 0001:000072ec       __acrt_getptd_head         00000001800082ec f   libucrt:per_thread_data.obj
 0001:00007394       __acrt_getptd_noexit       0000000180008394 f   libucrt:per_thread_data.obj
 0001:00007460       __acrt_initialize_ptd      0000000180008460 f   libucrt:per_thread_data.obj
 0001:0000749c       __acrt_uninitialize_ptd    000000018000849c f   libucrt:per_thread_data.obj
 0001:00007520       _tolower_l                 0000000180008520 f   libucrt:tolower_toupper.obj
 0001:00007660       __acrt_errno_from_os_error 0000000180008660 f   libucrt:errno.obj
 0001:000076a8       __acrt_errno_map_os_error  00000001800086a8 f   libucrt:errno.obj
 0001:000076f8       __doserrno                 00000001800086f8 f   libucrt:errno.obj
 0001:00007718       _errno                     0000000180008718 f   libucrt:errno.obj
 0001:00007738       __acrt_update_locale_info  0000000180008738 f   libucrt:locale_update.obj
 0001:0000776c       __acrt_update_multibyte_info 000000018000876c f   libucrt:locale_update.obj
 0001:00007810       __acrt_set_locale_changed  0000000180008810 f   libucrt:wsetlocale.obj
 0001:0000781c       __acrt_uninitialize_locale 000000018000881c f   libucrt:wsetlocale.obj
 0001:0000784c       __acrt_initialize_locks    000000018000884c f   libucrt:locks.obj
 0001:00007894       __acrt_lock                0000000180008894 f   libucrt:locks.obj
 0001:000078b0       __acrt_uninitialize_locks  00000001800088b0 f   libucrt:locks.obj
 0001:000078e8       __acrt_unlock              00000001800088e8 f   libucrt:locks.obj
 0001:00007904       _malloc_base               0000000180008904 f   libucrt:malloc_base.obj
 0001:00007964       _free_base                 0000000180008964 f   libucrt:free_base.obj
 0001:000079a4       __acrt_get_process_end_policy 00000001800089a4 f   libucrt:win_policies.obj
 0001:000079e0       _calloc_base               00000001800089e0 f   libucrt:calloc_base.obj
 0001:00007a6c       ??$__acrt_mbs_to_wcs_cp@U__crt_win32_buffer_internal_dynamic_resizing@@@@YAHQEBDAEAV?$__crt_win32_buffer@_WU__crt_win32_buffer_internal_dynamic_resizing@@@@I@Z 0000000180008a6c f i libucrt:argv_wildcards.obj
 0001:00007be4       ??$__acrt_wcs_to_mbs_cp@U__crt_win32_buffer_internal_dynamic_resizing@@@@YAHQEB_WAEAV?$__crt_win32_buffer@DU__crt_win32_buffer_internal_dynamic_resizing@@@@I@Z 0000000180008be4 f i libucrt:argv_wildcards.obj
 0001:00008414       __acrt_expand_narrow_argv_wildcards 0000000180009414 f   libucrt:argv_wildcards.obj
 0001:0000841c       ??$__acrt_wcs_to_mbs_cp@U__crt_win32_buffer_no_resizing@@@@YAHQEB_WAEAV?$__crt_win32_buffer@DU__crt_win32_buffer_no_resizing@@@@I@Z 000000018000941c f i libucrt:getmodulefilenamea.obj
 0001:00008530       __acrt_GetModuleFileNameA  0000000180009530 f   libucrt:getmodulefilenamea.obj
 0001:00008d7c       __acrt_initialize_multibyte 0000000180009d7c f   libucrt:mbctype.obj
 0001:00008ddc       __acrt_update_thread_multibyte_data 0000000180009ddc f   libucrt:mbctype.obj
 0001:00008df8       _setmbcp_nolock            0000000180009df8 f   libucrt:mbctype.obj
 0001:0000912c       _ismbblead                 000000018000a12c f   libucrt:ismbbyte.obj
 0001:00009140       __acrt_initialize_command_line 000000018000a140 f   libucrt:argv_data.obj
 0001:00009168       __acrt_MultiByteToWideChar 000000018000a168 f   libucrt:multibytetowidechar.obj
 0001:000091c4       __acrt_WideCharToMultiByte 000000018000a1c4 f   libucrt:widechartomultibyte.obj
 0001:0000925c       __dcrt_get_narrow_environment_from_os 000000018000a25c f   libucrt:get_environment_from_os.obj
 0001:00009360       _recalloc_base             000000018000a360 f   libucrt:recalloc.obj
 0001:000095d0       __acrt_AppPolicyGetProcessTerminationMethodInternal 000000018000a5d0 f   libucrt:winapi_thunks.obj
 0001:00009620       __acrt_AreFileApisANSI     000000018000a620 f   libucrt:winapi_thunks.obj
 0001:0000965c       __acrt_FlsAlloc            000000018000a65c f   libucrt:winapi_thunks.obj
 0001:000096a4       __acrt_FlsFree             000000018000a6a4 f   libucrt:winapi_thunks.obj
 0001:000096ec       __acrt_FlsGetValue         000000018000a6ec f   libucrt:winapi_thunks.obj
 0001:00009734       __acrt_FlsSetValue         000000018000a734 f   libucrt:winapi_thunks.obj
 0001:00009788       __acrt_InitializeCriticalSectionEx 000000018000a788 f   libucrt:winapi_thunks.obj
 0001:000097ec       __acrt_LCMapStringEx       000000018000a7ec f   libucrt:winapi_thunks.obj
 0001:000098c8       __acrt_LocaleNameToLCID    000000018000a8c8 f   libucrt:winapi_thunks.obj
 0001:00009918       __acrt_initialize_winapi_thunks 000000018000a918 f   libucrt:winapi_thunks.obj
 0001:0000994c       __acrt_uninitialize_winapi_thunks 000000018000a94c f   libucrt:winapi_thunks.obj
 0001:00009990       __acrt_initialize_heap     000000018000a990 f   libucrt:heap_handle.obj
 0001:000099ac       __acrt_uninitialize_heap   000000018000a9ac f   libucrt:heap_handle.obj
 0001:00009bb4       __acrt_initialize_lowio    000000018000abb4 f   libucrt:ioinit.obj
 0001:00009bf0       __acrt_uninitialize_lowio  000000018000abf0 f   libucrt:ioinit.obj
 0001:00009c30       __acrt_execute_initializers 000000018000ac30 f   libucrt:shared_initialization.obj
 0001:00009cb0       __acrt_execute_uninitializers 000000018000acb0 f   libucrt:shared_initialization.obj
 0001:00009d34       __acrt_get_sigabrt_handler 000000018000ad34 f   libucrt:signal.obj
 0001:00009d64       __acrt_initialize_signal_handlers 000000018000ad64 f   libucrt:signal.obj
 0001:00009d84       raise                      000000018000ad84 f   libucrt:signal.obj
 0001:00009ff0       __acrt_has_user_matherr    000000018000aff0 f   libucrt:matherr.obj
 0001:0000a010       __acrt_initialize_user_matherr 000000018000b010 f   libucrt:matherr.obj
 0001:0000a018       __acrt_invoke_user_matherr 000000018000b018 f   libucrt:matherr.obj
 0001:0000a224       __acrt_stdio_flush_nolock  000000018000b224 f   libucrt:fflush.obj
 0001:0000a2a0       _fflush_nolock             000000018000b2a0 f   libucrt:fflush.obj
 0001:0000a2ec       _flushall                  000000018000b2ec f   libucrt:fflush.obj
 0001:0000a2f4       __acrt_initialize_stdio    000000018000b2f4 f   libucrt:_file.obj
 0001:0000a414       __acrt_uninitialize_stdio  000000018000b414 f   libucrt:_file.obj
 0001:0000a470       _lock_file                 000000018000b470 f   libucrt:_file.obj
 0001:0000a47c       _unlock_file               000000018000b47c f   libucrt:_file.obj
 0001:0000a488       _mbtowc_l                  000000018000b488 f   libucrt:mbtowc.obj
 0001:0000a604       mbtowc                     000000018000b604 f   libucrt:mbtowc.obj
 0001:0000a60c       _fileno                    000000018000b60c f   libucrt:fileno.obj
 0001:0000a634       __pctype_func              000000018000b634 f   libucrt:ctype.obj
 0001:0000a664       _isctype_l                 000000018000b664 f   libucrt:isctype.obj
 0001:0000a774       __acrt_add_locale_ref      000000018000b774 f   libucrt:locale_refcounting.obj
 0001:0000a800       __acrt_free_locale         000000018000b800 f   libucrt:locale_refcounting.obj
 0001:0000a978       __acrt_locale_add_lc_time_reference 000000018000b978 f   libucrt:locale_refcounting.obj
 0001:0000a9a0       __acrt_locale_free_lc_time_if_unreferenced 000000018000b9a0 f   libucrt:locale_refcounting.obj
 0001:0000a9d8       __acrt_locale_release_lc_time_reference 000000018000b9d8 f   libucrt:locale_refcounting.obj
 0001:0000aa00       __acrt_release_locale_ref  000000018000ba00 f   libucrt:locale_refcounting.obj
 0001:0000aaa8       __acrt_update_thread_locale_data 000000018000baa8 f   libucrt:locale_refcounting.obj
 0001:0000ab18       _updatetlocinfoEx_nolock   000000018000bb18 f   libucrt:locale_refcounting.obj
 0001:0000ab80       _isleadbyte_l              000000018000bb80 f i libucrt:_wctype.obj
 0001:0000aee4       __acrt_LCMapStringA        000000018000bee4 f   libucrt:lcmapstringa.obj
 0001:0000af7c       __acrt_locale_free_monetary 000000018000bf7c f   libucrt:initmon.obj
 0001:0000b088       __acrt_locale_free_numeric 000000018000c088 f   libucrt:initnum.obj
 0001:0000b14c       __acrt_locale_free_time    000000018000c14c f   libucrt:inittime.obj
 0001:0000b254       __acrt_GetStringTypeA      000000018000c254 f   libucrt:getstringtypea.obj
 0001:0000b3e4       _query_new_mode            000000018000c3e4 f   libucrt:new_mode.obj
 0001:0000b3f0       qsort                      000000018000c3f0 f   libucrt:qsort.obj
 0001:0000b7b0       strncpy_s                  000000018000c7b0 f   libucrt:strncpy_s.obj
 0001:0000b930       strpbrk                    000000018000c930 f   libucrt:strpbrk.obj
 0001:0000bd10       _mbsdec                    000000018000cd10 f   libucrt:mbsdec.obj
 0001:0000bd18       _mbsdec_l                  000000018000cd18 f   libucrt:mbsdec.obj
 0001:0000bdc4       _msize_base                000000018000cdc4 f   libucrt:msize.obj
 0001:0000be00       _realloc_base              000000018000ce00 f   libucrt:realloc_base.obj
 0001:0000bf64       __acrt_DownlevelLocaleNameToLCID 000000018000cf64 f   libucrt:lcidtoname_downlevel.obj
 0001:0000bf98       __acrt_lowio_create_handle_array 000000018000cf98 f   libucrt:osfinfo.obj
 0001:0000c040       __acrt_lowio_destroy_handle_array 000000018000d040 f   libucrt:osfinfo.obj
 0001:0000c090       __acrt_lowio_ensure_fh_exists 000000018000d090 f   libucrt:osfinfo.obj
 0001:0000c138       __acrt_lowio_lock_fh       000000018000d138 f   libucrt:osfinfo.obj
 0001:0000c160       __acrt_lowio_unlock_fh     000000018000d160 f   libucrt:osfinfo.obj
 0001:0000c188       _free_osfhnd               000000018000d188 f   libucrt:osfinfo.obj
 0001:0000c244       _get_osfhandle             000000018000d244 f   libucrt:osfinfo.obj
 0001:0000c348       _commit                    000000018000d348 f   libucrt:commit.obj
 0001:0000cc48       _write                     000000018000dc48 f   libucrt:write.obj
 0001:0000cd34       _write_nolock              000000018000dd34 f   libucrt:write.obj
 0001:0000d010       _fcloseall                 000000018000e010 f   libucrt:closeall.obj
 0001:0000d0c4       __acrt_stdio_free_buffer_nolock 000000018000e0c4 f   libucrt:_freebuf.obj
 0001:0000d104       _isatty                    000000018000e104 f   libucrt:isatty.obj
 0001:0000d164       ?__mbrtowc_utf8@__crt_mbstring@@YA_KPEA_WPEBD_KPEAU_Mbstatet@@@Z 000000018000e164 f   libucrt:mbrtowc.obj
 0001:0000d1a0       ?__mbsrtowcs_utf8@__crt_mbstring@@YA_KPEA_WPEAPEBD_KPEAU_Mbstatet@@@Z 000000018000e1a0 f   libucrt:mbrtowc.obj
 0001:0000d318       __strncnt                  000000018000e318 f   libucrt:strncnt.obj
 0001:0000d330       _query_app_type            000000018000e330 f   libucrt:report_runtime_error.obj
 0001:0000d3d4       _lseeki64_nolock           000000018000e3d4 f   libucrt:lseek.obj
 0001:0000d3dc       _putwch_nolock             000000018000e3dc f   libucrt:putwch.obj
 0001:0000d418       _fclose_nolock             000000018000e418 f   libucrt:fclose.obj
 0001:0000d49c       fclose                     000000018000e49c f   libucrt:fclose.obj
 0001:0000d500       ?__mbrtoc32_utf8@__crt_mbstring@@YA_KPEA_UPEBD_KPEAU_Mbstatet@@@Z 000000018000e500 f   libucrt:mbrtoc32.obj
 0001:0000d6e0       log10                      000000018000e6e0 f   libucrt:log10.obj
 0001:0000dc8c       __dcrt_lowio_ensure_console_output_initialized 000000018000ec8c f   libucrt:initcon.obj
 0001:0000dce0       __dcrt_terminate_console_output 000000018000ece0 f   libucrt:initcon.obj
 0001:0000dcfc       __dcrt_write_console       000000018000ecfc f   libucrt:initcon.obj
 0001:0000de30       _close                     000000018000ee30 f   libucrt:close.obj
 0001:0000ded4       _close_nolock              000000018000eed4 f   libucrt:close.obj
 0001:0000df94       ?__acrt_stdio_free_stream@@YAXV__crt_stdio_stream@@@Z 000000018000ef94 f   libucrt:stream.obj
 0001:0000e0d4       _handle_error              000000018000f0d4 f   libucrt:libm_error.obj
 0001:0000e200       __acrt_initialize_fma3     000000018000f200 f   libucrt:fma3_available.obj
 0001:0000e270       _log10_special             000000018000f270 f   libucrt:log_special.obj
 0001:0000e340       _get_fpsr                  000000018000f340 f   libucrt:fpsr.obj
 0001:0000e350       _set_fpsr                  000000018000f350 f   libucrt:fpsr.obj
 0001:0000e35a       _fclrf                     000000018000f35a f   libucrt:fpsr.obj
 0001:0000e36e       _frnd                      000000018000f36e f   libucrt:fpsr.obj
 0001:0000e390       _raise_exc                 000000018000f390 f   libucrt:fpexcept.obj
 0001:0000e3b8       _raise_exc_ex              000000018000f3b8 f   libucrt:fpexcept.obj
 0001:0000e6c8       _set_errno_from_matherr    000000018000f6c8 f   libucrt:fpexcept.obj
 0001:0000e6f8       _clrfp                     000000018000f6f8 f   libucrt:fpctrl.obj
 0001:0000e718       _ctrlfp                    000000018000f718 f   libucrt:fpctrl.obj
 0001:0000e794       _set_statfp                000000018000f794 f   libucrt:fpctrl.obj
 0001:0000e7b4       _statfp                    000000018000f7b4 f   libucrt:fpctrl.obj
 0001:0000e7c5       IsProcessorFeaturePresent  000000018000f7c5 f   kernel32:KERNEL32.dll
 0001:0000e7cc       ?DloadAcquireSectionWriteAccess@@YAXXZ 000000018000f7cc f i DelayImp:delayhlp.obj
 0001:0000e878       ?DloadGetSRWLockFunctionPointers@@YAEXZ 000000018000f878 f i DelayImp:delayhlp.obj
 0001:0000e914       ?DloadMakePermanentImageCommit@@YAXPEAX_K@Z 000000018000f914 f i DelayImp:delayhlp.obj
 0001:0000e9ac       ?DloadObtainSection@@YAPEAXPEAK0@Z 000000018000f9ac f i DelayImp:delayhlp.obj
 0001:0000ea48       ?DloadProtectSection@@YAXKPEAK@Z 000000018000fa48 f i DelayImp:delayhlp.obj
 0001:0000ead8       ?DloadReleaseSectionWriteAccess@@YAXXZ 000000018000fad8 f i DelayImp:delayhlp.obj
 0001:0000eb6c       __delayLoadHelper2         000000018000fb6c f   DelayImp:delayhlp.obj
 0001:0000ee30       _FindPESection             000000018000fe30 f   LIBCMT:pesect.obj
 0001:0000ee80       _IsNonwritableInCurrentImage 000000018000fe80 f   LIBCMT:pesect.obj
 0001:0000eed0       _ValidateImageBase         000000018000fed0 f   LIBCMT:pesect.obj
 0001:0000ef00       __GSHandlerCheck           000000018000ff00 f   LIBCMT:gshandler.obj
 0001:0000ef20       __GSHandlerCheckCommon     000000018000ff20 f   LIBCMT:gshandler.obj
 0001:0000ef90       __chkstk                   000000018000ff90 f   LIBCMT:chkstk.obj
 0001:0000ef90       _alloca_probe              000000018000ff90 f   LIBCMT:chkstk.obj
 0001:0000f000       memcmp                     0000000180010000 f   libvcruntime:memcmp.obj
 0001:0000f0c8       __GSHandlerCheck_EH        00000001800100c8 f   LIBCMT:gshandlereh.obj
 0001:0000f160       _guard_dispatch_icall_nop  0000000180010160 f   LIBCMT:guard_dispatch.obj
 0002:00000000       __imp_GetProcAddress       0000000180011000     kernel32:KERNEL32.dll
 0002:00000008       __imp_GetModuleHandleW     0000000180011008     kernel32:KERNEL32.dll
 0002:00000010       __imp_GetModuleHandleA     0000000180011010     kernel32:KERNEL32.dll
 0002:00000018       __imp_LoadLibraryExA       0000000180011018     kernel32:KERNEL32.dll
 0002:00000020       __imp_RtlCaptureContext    0000000180011020     kernel32:KERNEL32.dll
 0002:00000028       __imp_RtlLookupFunctionEntry 0000000180011028     kernel32:KERNEL32.dll
 0002:00000030       __imp_RtlVirtualUnwind     0000000180011030     kernel32:KERNEL32.dll
 0002:00000038       __imp_UnhandledExceptionFilter 0000000180011038     kernel32:KERNEL32.dll
 0002:00000040       __imp_SetUnhandledExceptionFilter 0000000180011040     kernel32:KERNEL32.dll
 0002:00000048       __imp_GetCurrentProcess    0000000180011048     kernel32:KERNEL32.dll
 0002:00000050       __imp_TerminateProcess     0000000180011050     kernel32:KERNEL32.dll
 0002:00000058       __imp_IsProcessorFeaturePresent 0000000180011058     kernel32:KERNEL32.dll
 0002:00000060       __imp_QueryPerformanceCounter 0000000180011060     kernel32:KERNEL32.dll
 0002:00000068       __imp_GetCurrentProcessId  0000000180011068     kernel32:KERNEL32.dll
 0002:00000070       __imp_GetCurrentThreadId   0000000180011070     kernel32:KERNEL32.dll
 0002:00000078       __imp_GetSystemTimeAsFileTime 0000000180011078     kernel32:KERNEL32.dll
 0002:00000080       __imp_InitializeSListHead  0000000180011080     kernel32:KERNEL32.dll
 0002:00000088       __imp_IsDebuggerPresent    0000000180011088     kernel32:KERNEL32.dll
 0002:00000090       __imp_GetStartupInfoW      0000000180011090     kernel32:KERNEL32.dll
 0002:00000098       __imp_RtlPcToFileHeader    0000000180011098     kernel32:KERNEL32.dll
 0002:000000a0       __imp_RaiseException       00000001800110a0     kernel32:KERNEL32.dll
 0002:000000a8       __imp_RtlUnwindEx          00000001800110a8     kernel32:KERNEL32.dll
 0002:000000b0       __imp_InterlockedFlushSList 00000001800110b0     kernel32:KERNEL32.dll
 0002:000000b8       __imp_GetLastError         00000001800110b8     kernel32:KERNEL32.dll
 0002:000000c0       __imp_SetLastError         00000001800110c0     kernel32:KERNEL32.dll
 0002:000000c8       __imp_EnterCriticalSection 00000001800110c8     kernel32:KERNEL32.dll
 0002:000000d0       __imp_LeaveCriticalSection 00000001800110d0     kernel32:KERNEL32.dll
 0002:000000d8       __imp_DeleteCriticalSection 00000001800110d8     kernel32:KERNEL32.dll
 0002:000000e0       __imp_InitializeCriticalSectionAndSpinCount 00000001800110e0     kernel32:KERNEL32.dll
 0002:000000e8       __imp_TlsAlloc             00000001800110e8     kernel32:KERNEL32.dll
 0002:000000f0       __imp_TlsGetValue          00000001800110f0     kernel32:KERNEL32.dll
 0002:000000f8       __imp_TlsSetValue          00000001800110f8     kernel32:KERNEL32.dll
 0002:00000100       __imp_TlsFree              0000000180011100     kernel32:KERNEL32.dll
 0002:00000108       __imp_FreeLibrary          0000000180011108     kernel32:KERNEL32.dll
 0002:00000110       __imp_LoadLibraryExW       0000000180011110     kernel32:KERNEL32.dll
 0002:00000118       __imp_EncodePointer        0000000180011118     kernel32:KERNEL32.dll
 0002:00000120       __imp_ExitProcess          0000000180011120     kernel32:KERNEL32.dll
 0002:00000128       __imp_GetModuleHandleExW   0000000180011128     kernel32:KERNEL32.dll
 0002:00000130       __imp_GetModuleFileNameW   0000000180011130     kernel32:KERNEL32.dll
 0002:00000138       __imp_HeapAlloc            0000000180011138     kernel32:KERNEL32.dll
 0002:00000140       __imp_HeapFree             0000000180011140     kernel32:KERNEL32.dll
 0002:00000148       __imp_FindClose            0000000180011148     kernel32:KERNEL32.dll
 0002:00000150       __imp_FindFirstFileExW     0000000180011150     kernel32:KERNEL32.dll
 0002:00000158       __imp_FindNextFileW        0000000180011158     kernel32:KERNEL32.dll
 0002:00000160       __imp_IsValidCodePage      0000000180011160     kernel32:KERNEL32.dll
 0002:00000168       __imp_GetACP               0000000180011168     kernel32:KERNEL32.dll
 0002:00000170       __imp_GetOEMCP             0000000180011170     kernel32:KERNEL32.dll
 0002:00000178       __imp_GetCPInfo            0000000180011178     kernel32:KERNEL32.dll
 0002:00000180       __imp_GetCommandLineA      0000000180011180     kernel32:KERNEL32.dll
 0002:00000188       __imp_GetCommandLineW      0000000180011188     kernel32:KERNEL32.dll
 0002:00000190       __imp_MultiByteToWideChar  0000000180011190     kernel32:KERNEL32.dll
 0002:00000198       __imp_WideCharToMultiByte  0000000180011198     kernel32:KERNEL32.dll
 0002:000001a0       __imp_GetEnvironmentStringsW 00000001800111a0     kernel32:KERNEL32.dll
 0002:000001a8       __imp_FreeEnvironmentStringsW 00000001800111a8     kernel32:KERNEL32.dll
 0002:000001b0       __imp_LCMapStringW         00000001800111b0     kernel32:KERNEL32.dll
 0002:000001b8       __imp_GetProcessHeap       00000001800111b8     kernel32:KERNEL32.dll
 0002:000001c0       __imp_GetStdHandle         00000001800111c0     kernel32:KERNEL32.dll
 0002:000001c8       __imp_GetFileType          00000001800111c8     kernel32:KERNEL32.dll
 0002:000001d0       __imp_GetStringTypeW       00000001800111d0     kernel32:KERNEL32.dll
 0002:000001d8       __imp_HeapSize             00000001800111d8     kernel32:KERNEL32.dll
 0002:000001e0       __imp_HeapReAlloc          00000001800111e0     kernel32:KERNEL32.dll
 0002:000001e8       __imp_SetStdHandle         00000001800111e8     kernel32:KERNEL32.dll
 0002:000001f0       __imp_FlushFileBuffers     00000001800111f0     kernel32:KERNEL32.dll
 0002:000001f8       __imp_WriteFile            00000001800111f8     kernel32:KERNEL32.dll
 0002:00000200       __imp_GetConsoleCP         0000000180011200     kernel32:KERNEL32.dll
 0002:00000208       __imp_GetConsoleMode       0000000180011208     kernel32:KERNEL32.dll
 0002:00000210       __imp_SetFilePointerEx     0000000180011210     kernel32:KERNEL32.dll
 0002:00000218       __imp_CreateFileW          0000000180011218     kernel32:KERNEL32.dll
 0002:00000220       __imp_CloseHandle          0000000180011220     kernel32:KERNEL32.dll
 0002:00000228       __imp_WriteConsoleW        0000000180011228     kernel32:KERNEL32.dll
 0002:00000230       __imp_GetSystemInfo        0000000180011230     kernel32:KERNEL32.dll
 0002:00000238       __imp_VirtualProtect       0000000180011238     kernel32:KERNEL32.dll
 0002:00000240       __imp_VirtualQuery         0000000180011240     kernel32:KERNEL32.dll
 0002:00000248       \177KERNEL32_NULL_THUNK_DATA 0000000180011248     kernel32:KERNEL32.dll
 0002:00000250       __guard_check_icall_fptr   0000000180011250     LIBCMT:guard_support.obj
 0002:00000258       __guard_dispatch_icall_fptr 0000000180011258     LIBCMT:guard_support.obj
 0002:00000260       __xc_a                     0000000180011260     LIBCMT:initializers.obj
 0002:00000278       _register_ewc_             0000000180011278     ewc.obj
 0002:00000280       __xc_z                     0000000180011280     LIBCMT:initializers.obj
 0002:00000288       __xi_a                     0000000180011288     LIBCMT:initializers.obj
 0002:00000290       __acrt_multibyte_initializer 0000000180011290     libucrt:multibyte_initializer.obj
 0002:00000298       __acrt_stdio_initializer   0000000180011298     libucrt:stdio_initializer.obj
 0002:000002a0       __acrt_tran_fma3_initializer 00000001800112a0     libucrt:fma3_initializer.obj
 0002:000002a8       __xi_z                     00000001800112a8     LIBCMT:initializers.obj
 0002:000002b0       __xp_a                     00000001800112b0     LIBCMT:initializers.obj
 0002:000002b8       __acrt_locale_terminator   00000001800112b8     libucrt:locale_initializer.obj
 0002:000002c0       __dcrt_console_output_terminator 00000001800112c0     libucrt:console_output_initializer.obj
 0002:000002c8       __acrt_stdio_terminator    00000001800112c8     libucrt:stdio_initializer.obj
 0002:000002d0       __xp_z                     00000001800112d0     LIBCMT:initializers.obj
 0002:000002d8       __xt_a                     00000001800112d8     LIBCMT:initializers.obj
 0002:000002e0       __xt_z                     00000001800112e0     LIBCMT:initializers.obj
 0002:000002f0       __sz_node_exe              00000001800112f0     node:node.exe
 0002:00000308       ??_7exception@std@@6B@     0000000180011308     libcpmt:xthrow.obj
 0002:00000318       ??_C@_0BC@EOODALEL@Unknown?5exception@ 0000000180011318     libcpmt:xthrow.obj
 0002:00000338       ??_7bad_alloc@std@@6B@     0000000180011338     libcpmt:xthrow.obj
 0002:00000348       ??_C@_0P@GHFPNOJB@bad?5allocation@ 0000000180011348     libcpmt:xthrow.obj
 0002:00000360       ??_7logic_error@std@@6B@   0000000180011360     libcpmt:xthrow.obj
 0002:00000378       ??_7length_error@std@@6B@  0000000180011378     libcpmt:xthrow.obj
 0002:00000390       ??_7type_info@@6B@         0000000180011390     LIBCMT:std_type_info_static.obj
 0002:00000398       _pDefaultRawDllMain        0000000180011398     LIBCMT:dll_dllmain.obj
 0002:00000398       _pRawDllMain               0000000180011398     LIBCMT:dll_dllmain.obj
 0002:000003b8       ??_7bad_array_new_length@std@@6B@ 00000001800113b8     LIBCMT:throw_bad_alloc.obj
 0002:000003c8       ??_C@_0BF@KINCDENJ@bad?5array?5new?5length@ 00000001800113c8     LIBCMT:throw_bad_alloc.obj
 0002:00000420       _pDestructExceptionObject  0000000180011420     libvcruntime:ehhelpers.obj
 0002:00000768       ??_C@_08EHJDFFNH@__based?$CI@ 0000000180011768     libvcruntime:undname.obj
 0002:00000778       ??_C@_07KOLFKCDI@__cdecl@  0000000180011778     libvcruntime:undname.obj
 0002:00000780       ??_C@_08GHMPAG@__pascal@   0000000180011780     libvcruntime:undname.obj
 0002:00000790       ??_C@_09IFJBGAPI@__stdcall@ 0000000180011790     libvcruntime:undname.obj
 0002:000007a0       ??_C@_0L@NPHFGOKO@__thiscall@ 00000001800117a0     libvcruntime:undname.obj
 0002:000007b0       ??_C@_0L@JMKHOMEK@__fastcall@ 00000001800117b0     libvcruntime:undname.obj
 0002:000007c0       ??_C@_0N@BCKKPABJ@__vectorcall@ 00000001800117c0     libvcruntime:undname.obj
 0002:000007d0       ??_C@_09HIJEGCPM@__clrcall@ 00000001800117d0     libvcruntime:undname.obj
 0002:000007dc       ??_C@_06GHPCKEAG@__eabi@   00000001800117dc     libvcruntime:undname.obj
 0002:000007e8       ??_C@_09IOPIDJLG@__swift_1@ 00000001800117e8     libvcruntime:undname.obj
 0002:000007f8       ??_C@_09KFNFGKHF@__swift_2@ 00000001800117f8     libvcruntime:undname.obj
 0002:00000808       ??_C@_07JOMMBBKO@__ptr64@  0000000180011808     libvcruntime:undname.obj
 0002:00000810       ??_C@_0L@PILCLIHE@__restrict@ 0000000180011810     libvcruntime:undname.obj
 0002:00000820       ??_C@_0M@GFIIJFMG@__unaligned@ 0000000180011820     libvcruntime:undname.obj
 0002:00000830       ??_C@_09DHDLOLLB@restrict?$CI@ 0000000180011830     libvcruntime:undname.obj
 0002:0000083a       ??_C@_00CNPNBAHC@@         000000018001183a     libvcruntime:undname.obj
 0002:0000083c       ??_C@_04NIHEBCM@?5new@     000000018001183c     libvcruntime:undname.obj
 0002:00000848       ??_C@_07FPCDHGMM@?5delete@ 0000000180011848     libvcruntime:undname.obj
 0002:00000850       ??_C@_01NEMOKFLO@?$DN@     0000000180011850     libvcruntime:undname.obj
 0002:00000854       ??_C@_02GPIOPFAK@?$DO?$DO@ 0000000180011854     libvcruntime:undname.obj
 0002:00000858       ??_C@_02FODMEDOG@?$DM?$DM@ 0000000180011858     libvcruntime:undname.obj
 0002:0000085c       ??_C@_01DCLJPIOD@?$CB@     000000018001185c     libvcruntime:undname.obj
 0002:00000860       ??_C@_02EGOFBIJA@?$DN?$DN@ 0000000180011860     libvcruntime:undname.obj
 0002:00000864       ??_C@_02FDNJECIE@?$CB?$DN@ 0000000180011864     libvcruntime:undname.obj
 0002:00000868       ??_C@_02GPECMEKF@?$FL?$FN@ 0000000180011868     libvcruntime:undname.obj
 0002:00000870       ??_C@_08LHJFAFGD@operator@ 0000000180011870     libvcruntime:undname.obj
 0002:0000087c       ??_C@_02HBOOOICD@?9?$DO@   000000018001187c     libvcruntime:undname.obj
 0002:00000880       ??_C@_01NBENCBCI@?$CK@     0000000180011880     libvcruntime:undname.obj
 0002:00000884       ??_C@_02ECNGHCIF@?$CL?$CL@ 0000000180011884     libvcruntime:undname.obj
 0002:00000888       ??_C@_02BAABKJLB@?9?9@     0000000180011888     libvcruntime:undname.obj
 0002:0000088c       ??_C@_01JOAMLHOP@?9@       000000018001188c     libvcruntime:undname.obj
 0002:00000890       ??_C@_01MIFGBAGJ@?$CL@     0000000180011890     libvcruntime:undname.obj
 0002:00000894       ??_C@_01HNPIGOCE@?$CG@     0000000180011894     libvcruntime:undname.obj
 0002:00000898       ??_C@_03MNHNFDLC@?9?$DO?$CK@ 0000000180011898     libvcruntime:undname.obj
 0002:0000089c       ??_C@_01KMDKNFGN@?1@       000000018001189c     libvcruntime:undname.obj
 0002:000008a0       ??_C@_01FGNFDNOH@?$CF@     00000001800118a0     libvcruntime:undname.obj
 0002:000008a4       ??_C@_01MNNFJEPP@?$DM@     00000001800118a4     libvcruntime:undname.obj
 0002:000008a8       ??_C@_02EHCHHCKH@?$DM?$DN@ 00000001800118a8     libvcruntime:undname.obj
 0002:000008ac       ??_C@_01PPODPGHN@?$DO@     00000001800118ac     libvcruntime:undname.obj
 0002:000008b0       ??_C@_02EEKDKGMJ@?$DO?$DN@ 00000001800118b0     libvcruntime:undname.obj
 0002:000008b4       ??_C@_01IHBHIGKO@?0@       00000001800118b4     libvcruntime:undname.obj
 0002:000008b8       ??_C@_02HCKGKOFO@?$CI?$CJ@ 00000001800118b8     libvcruntime:undname.obj
 0002:000008bc       ??_C@_01PJKLJHI@?$HO@      00000001800118bc     libvcruntime:undname.obj
 0002:000008c0       ??_C@_01JKBOJNNK@?$FO@     00000001800118c0     libvcruntime:undname.obj
 0002:000008c4       ??_C@_01DNKMNLPK@?$HM@     00000001800118c4     libvcruntime:undname.obj
 0002:000008c8       ??_C@_02PPKAJPJL@?$CG?$CG@ 00000001800118c8     libvcruntime:undname.obj
 0002:000008cc       ??_C@_02NONPIBCD@?$HM?$HM@ 00000001800118cc     libvcruntime:undname.obj
 0002:000008d0       ??_C@_02FPIMKNGF@?$CK?$DN@ 00000001800118d0     libvcruntime:undname.obj
 0002:000008d4       ??_C@_02FOEOMHFC@?$CL?$DN@ 00000001800118d4     libvcruntime:undname.obj
 0002:000008d8       ??_C@_02FKMDLLOA@?9?$DN@   00000001800118d8     libvcruntime:undname.obj
 0002:000008dc       ??_C@_02FJEHGPIO@?1?$DN@   00000001800118dc     libvcruntime:undname.obj
 0002:000008e0       ??_C@_02FENAOKFI@?$CF?$DN@ 00000001800118e0     libvcruntime:undname.obj
 0002:000008e4       ??_C@_03IKFCCPFF@?$DO?$DO?$DN@ 00000001800118e4     libvcruntime:undname.obj
 0002:000008e8       ??_C@_03CDNPDDLA@?$DM?$DM?$DN@ 00000001800118e8     libvcruntime:undname.obj
 0002:000008ec       ??_C@_02FGJGFEAB@?$CG?$DN@ 00000001800118ec     libvcruntime:undname.obj
 0002:000008f0       ??_C@_02DHLNPPGH@?$HM?$DN@ 00000001800118f0     libvcruntime:undname.obj
 0002:000008f4       ??_C@_02MHEGNOJ@?$FO?$DN@  00000001800118f4     libvcruntime:undname.obj
 0002:000008f8       ??_C@_09IFPLHPGF@?$GAvftable?8@ 00000001800118f8     libvcruntime:undname.obj
 0002:00000908       ??_C@_09BLBHBJP@?$GAvbtable?8@ 0000000180011908     libvcruntime:undname.obj
 0002:00000918       ??_C@_07FEEIOKP@?$GAvcall?8@ 0000000180011918     libvcruntime:undname.obj
 0002:00000920       ??_C@_08LLFFHHDJ@?$GAtypeof?8@ 0000000180011920     libvcruntime:undname.obj
 0002:00000930       ??_C@_0BF@KDPPACIK@?$GAlocal?5static?5guard?8@ 0000000180011930     libvcruntime:undname.obj
 0002:00000948       ??_C@_08OBABFOLI@?$GAstring?8@ 0000000180011948     libvcruntime:undname.obj
 0002:00000958       ??_C@_0BD@JDLKDPAB@?$GAvbase?5destructor?8@ 0000000180011958     libvcruntime:undname.obj
 0002:00000970       ??_C@_0BN@DEGPLNFK@?$GAvector?5deleting?5destructor?8@ 0000000180011970     libvcruntime:undname.obj
 0002:00000990       ??_C@_0BO@OBMKPJIG@?$GAdefault?5constructor?5closure?8@ 0000000180011990     libvcruntime:undname.obj
 0002:000009b0       ??_C@_0BN@IMDCHIKM@?$GAscalar?5deleting?5destructor?8@ 00000001800119b0     libvcruntime:undname.obj
 0002:000009d0       ??_C@_0BO@PFGOCPJJ@?$GAvector?5constructor?5iterator?8@ 00000001800119d0     libvcruntime:undname.obj
 0002:000009f0       ??_C@_0BN@LFPFMEDL@?$GAvector?5destructor?5iterator?8@ 00000001800119f0     libvcruntime:undname.obj
 0002:00000a10       ??_C@_0CE@IKBNEHA@?$GAvector?5vbase?5constructor?5itera@ 0000000180011a10     libvcruntime:undname.obj
 0002:00000a38       ??_C@_0BL@NILFHHPC@?$GAvirtual?5displacement?5map?8@ 0000000180011a38     libvcruntime:undname.obj
 0002:00000a58       ??_C@_0CB@JONCMFFK@?$GAeh?5vector?5constructor?5iterator@ 0000000180011a58     libvcruntime:undname.obj
 0002:00000a80       ??_C@_0CA@GCEOPDGL@?$GAeh?5vector?5destructor?5iterator?8@ 0000000180011a80     libvcruntime:undname.obj
 0002:00000aa0       ??_C@_0CH@OOJPLCPH@?$GAeh?5vector?5vbase?5constructor?5it@ 0000000180011aa0     libvcruntime:undname.obj
 0002:00000ac8       ??_C@_0BL@LLKPOHJI@?$GAcopy?5constructor?5closure?8@ 0000000180011ac8     libvcruntime:undname.obj
 0002:00000ae8       ??_C@_0BA@KBCDOMBN@?$GAudt?5returning?8@ 0000000180011ae8     libvcruntime:undname.obj
 0002:00000af8       ??_C@_03KLGMFNMG@?$GAEH@   0000000180011af8     libvcruntime:undname.obj
 0002:00000afc       ??_C@_05KHLCHHI@?$GARTTI@  0000000180011afc     libvcruntime:undname.obj
 0002:00000b08       ??_C@_0BA@KKLDJDLB@?$GAlocal?5vftable?8@ 0000000180011b08     libvcruntime:undname.obj
 0002:00000b18       ??_C@_0CE@IIHCMGGL@?$GAlocal?5vftable?5constructor?5clos@ 0000000180011b18     libvcruntime:undname.obj
 0002:00000b3c       ??_C@_06FHBGPFGH@?5new?$FL?$FN@ 0000000180011b3c     libvcruntime:undname.obj
 0002:00000b48       ??_C@_09LBNFPBCA@?5delete?$FL?$FN@ 0000000180011b48     libvcruntime:undname.obj
 0002:00000b58       ??_C@_0P@HJKNJFNN@?$GAomni?5callsig?8@ 0000000180011b58     libvcruntime:undname.obj
 0002:00000b68       ??_C@_0BL@CNOONJFP@?$GAplacement?5delete?5closure?8@ 0000000180011b68     libvcruntime:undname.obj
 0002:00000b88       ??_C@_0BN@CKNJLHMB@?$GAplacement?5delete?$FL?$FN?5closure?8@ 0000000180011b88     libvcruntime:undname.obj
 0002:00000ba8       ??_C@_0CG@CFDHKGGD@?$GAmanaged?5vector?5constructor?5ite@ 0000000180011ba8     libvcruntime:undname.obj
 0002:00000bd0       ??_C@_0CF@IMGKMJNO@?$GAmanaged?5vector?5destructor?5iter@ 0000000180011bd0     libvcruntime:undname.obj
 0002:00000bf8       ??_C@_0CG@HLDDJMAG@?$GAeh?5vector?5copy?5constructor?5ite@ 0000000180011bf8     libvcruntime:undname.obj
 0002:00000c20       ??_C@_0CM@FCBBDIGB@?$GAeh?5vector?5vbase?5copy?5construct@ 0000000180011c20     libvcruntime:undname.obj
 0002:00000c50       ??_C@_0BL@CLIPGLGB@?$GAdynamic?5initializer?5for?5?8@ 0000000180011c50     libvcruntime:undname.obj
 0002:00000c70       ??_C@_0CB@PDBIFEP@?$GAdynamic?5atexit?5destructor?5for?5@ 0000000180011c70     libvcruntime:undname.obj
 0002:00000c98       ??_C@_0CD@CGAJBKEJ@?$GAvector?5copy?5constructor?5iterat@ 0000000180011c98     libvcruntime:undname.obj
 0002:00000cc0       ??_C@_0CJ@GJELGAMM@?$GAvector?5vbase?5copy?5constructor?5@ 0000000180011cc0     libvcruntime:undname.obj
 0002:00000cf0       ??_C@_0CL@FGIJHLCE@?$GAmanaged?5vector?5copy?5constructo@ 0000000180011cf0     libvcruntime:undname.obj
 0002:00000d20       ??_C@_0BM@PMGGMLDN@?$GAlocal?5static?5thread?5guard?8@ 0000000180011d20     libvcruntime:undname.obj
 0002:00000d40       ??_C@_0N@BDNMDMOL@operator?5?$CC?$CC?5@ 0000000180011d40     libvcruntime:undname.obj
 0002:00000d50       ??_C@_0BC@GGEBGALA@operator?5co_await@ 0000000180011d50     libvcruntime:undname.obj
 0002:00000d68       ??_C@_0BC@DAFEJGAK@?5Type?5Descriptor?8@ 0000000180011d68     libvcruntime:undname.obj
 0002:00000d80       ??_C@_0BM@LDKODKLH@?5Base?5Class?5Descriptor?5at?5?$CI@ 0000000180011d80     libvcruntime:undname.obj
 0002:00000da0       ??_C@_0BD@LGICGFMM@?5Base?5Class?5Array?8@ 0000000180011da0     libvcruntime:undname.obj
 0002:00000db8       ??_C@_0BN@MECKDCOJ@?5Class?5Hierarchy?5Descriptor?8@ 0000000180011db8     libvcruntime:undname.obj
 0002:00000dd8       ??_C@_0BK@CFCOFLF@?5Complete?5Object?5Locator?8@ 0000000180011dd8     libvcruntime:undname.obj
 0002:00000e10       ??_C@_1DM@KHCHBNEB@?$AAa?$AAp?$AAi?$AA?9?$AAm?$AAs?$AA?9?$AAw?$AAi?$AAn?$AA?9?$AAc?$AAo?$AAr?$AAe@ 0000000180011e10     libvcruntime:winapi_downlevel.obj
 0002:00000e50       ??_C@_1DK@LPPGFMPP@?$AAa?$AAp?$AAi?$AA?9?$AAm?$AAs?$AA?9?$AAw?$AAi?$AAn?$AA?9?$AAc?$AAo?$AAr?$AAe@ 0000000180011e50     libvcruntime:winapi_downlevel.obj
 0002:00000e90       ??_C@_1BC@GDMECMAK@?$AAk?$AAe?$AAr?$AAn?$AAe?$AAl?$AA3?$AA2@ 0000000180011e90     libvcruntime:winapi_downlevel.obj
 0002:00000ea8       ??_C@_1BA@PFFKHIOG@?$AAa?$AAp?$AAi?$AA?9?$AAm?$AAs?$AA?9@ 0000000180011ea8     libvcruntime:winapi_downlevel.obj
 0002:00000eb8       ??_C@_1BA@IAIFMGEF@?$AAe?$AAx?$AAt?$AA?9?$AAm?$AAs?$AA?9@ 0000000180011eb8     libvcruntime:winapi_downlevel.obj
 0002:00000ed0       ??_C@_08KNHFBNJ@FlsAlloc@  0000000180011ed0     libvcruntime:winapi_downlevel.obj
 0002:00000ee8       ??_C@_07PEJMOBNF@FlsFree@  0000000180011ee8     libvcruntime:winapi_downlevel.obj
 0002:00000ef8       ??_C@_0M@GDNOONDI@FlsGetValue@ 0000000180011ef8     libvcruntime:winapi_downlevel.obj
 0002:00000f10       ??_C@_0M@JCPCPOEF@FlsSetValue@ 0000000180011f10     libvcruntime:winapi_downlevel.obj
 0002:00000f28       ??_C@_0BM@HCFOFFN@InitializeCriticalSectionEx@ 0000000180011f28     libvcruntime:winapi_downlevel.obj
 0002:00000ff0       ??_7bad_exception@std@@6B@ 0000000180011ff0     libvcruntime:frame.obj
 0002:00001000       ??_C@_0O@DPKOEFFH@bad?5exception@ 0000000180012000     libvcruntime:frame.obj
 0002:00001010       __acrt_exception_action_table 0000000180012010     libucrt:exception_filter.obj
 0002:000010d0       __acrt_signal_action_table_count 00000001800120d0     libucrt:exception_filter.obj
 0002:000010d8       __acrt_signal_action_first_fpe_index 00000001800120d8     libucrt:exception_filter.obj
 0002:000010e0       __acrt_signal_action_fpe_count 00000001800120e0     libucrt:exception_filter.obj
 0002:000010e8       ??_C@_1BI@BGOHAHKC@?$AAm?$AAs?$AAc?$AAo?$AAr?$AAe?$AAe?$AA?4?$AAd?$AAl?$AAl?$AA?$AA@ 00000001800120e8     libucrt:exit.obj
 0002:00001100       ??_C@_0P@MIGLKIOC@CorExitProcess?$AA@ 0000000180012100     libucrt:exit.obj
 0002:00001380       __lc_time_c                0000000180012380     libucrt:nlsdata.obj
 0002:00001640       ??_C@_03KOEHGMDN@Sun?$AA@  0000000180012640     libucrt:nlsdata.obj
 0002:00001644       ??_C@_03PDAGKDH@Mon?$AA@   0000000180012644     libucrt:nlsdata.obj
 0002:00001648       ??_C@_03NAGEINEP@Tue?$AA@  0000000180012648     libucrt:nlsdata.obj
 0002:0000164c       ??_C@_03MHOMLAJA@Wed?$AA@  000000018001264c     libucrt:nlsdata.obj
 0002:00001650       ??_C@_03IOFIKPDN@Thu?$AA@  0000000180012650     libucrt:nlsdata.obj
 0002:00001654       ??_C@_03IDIOELNC@Fri?$AA@  0000000180012654     libucrt:nlsdata.obj
 0002:00001658       ??_C@_03FEFJNEK@Sat?$AA@   0000000180012658     libucrt:nlsdata.obj
 0002:0000165c       ??_C@_06OOPIFAJ@Sunday?$AA@ 000000018001265c     libucrt:nlsdata.obj
 0002:00001664       ??_C@_06JLEDEDGH@Monday?$AA@ 0000000180012664     libucrt:nlsdata.obj
 0002:00001670       ??_C@_07BAAGCFCM@Tuesday?$AA@ 0000000180012670     libucrt:nlsdata.obj
 0002:00001678       ??_C@_09DLIGFAKA@Wednesday?$AA@ 0000000180012678     libucrt:nlsdata.obj
 0002:00001688       ??_C@_08HACCIKIA@Thursday?$AA@ 0000000180012688     libucrt:nlsdata.obj
 0002:00001694       ??_C@_06JECMNKMI@Friday?$AA@ 0000000180012694     libucrt:nlsdata.obj
 0002:000016a0       ??_C@_08INBOOONO@Saturday?$AA@ 00000001800126a0     libucrt:nlsdata.obj
 0002:000016ac       ??_C@_03JIHJHPIE@Jan?$AA@  00000001800126ac     libucrt:nlsdata.obj
 0002:000016b0       ??_C@_03HJBDCHOM@Feb?$AA@  00000001800126b0     libucrt:nlsdata.obj
 0002:000016b4       ??_C@_03ODNJBKGA@Mar?$AA@  00000001800126b4     libucrt:nlsdata.obj
 0002:000016b8       ??_C@_03LEOLGMJP@Apr?$AA@  00000001800126b8     libucrt:nlsdata.obj
 0002:000016bc       ??_C@_03CNMDKL@May?$AA@    00000001800126bc     libucrt:nlsdata.obj
 0002:000016c0       ??_C@_03IDFGHECI@Jun?$AA@  00000001800126c0     libucrt:nlsdata.obj
 0002:000016c4       ??_C@_03LBGABGKK@Jul?$AA@  00000001800126c4     libucrt:nlsdata.obj
 0002:000016c8       ??_C@_03IFJFEIGA@Aug?$AA@  00000001800126c8     libucrt:nlsdata.obj
 0002:000016cc       ??_C@_03GGCAPAJC@Sep?$AA@  00000001800126cc     libucrt:nlsdata.obj
 0002:000016d0       ??_C@_03BMAOKBAD@Oct?$AA@  00000001800126d0     libucrt:nlsdata.obj
 0002:000016d4       ??_C@_03JPJOFNIA@Nov?$AA@  00000001800126d4     libucrt:nlsdata.obj
 0002:000016d8       ??_C@_03MKABNOCG@Dec?$AA@  00000001800126d8     libucrt:nlsdata.obj
 0002:000016e0       ??_C@_07CGJPFGJA@January?$AA@ 00000001800126e0     libucrt:nlsdata.obj
 0002:000016e8       ??_C@_08GNJGEPFN@February?$AA@ 00000001800126e8     libucrt:nlsdata.obj
 0002:000016f4       ??_C@_05HPCKOFNC@March?$AA@ 00000001800126f4     libucrt:nlsdata.obj
 0002:000016fc       ??_C@_05DMJDNLEJ@April?$AA@ 00000001800126fc     libucrt:nlsdata.obj
 0002:00001704       ??_C@_04CNLMGBGM@June?$AA@ 0000000180012704     libucrt:nlsdata.obj
 0002:0000170c       ??_C@_04MIEPOIFP@July?$AA@ 000000018001270c     libucrt:nlsdata.obj
 0002:00001714       ??_C@_06LBBHFDDG@August?$AA@ 0000000180012714     libucrt:nlsdata.obj
 0002:00001720       ??_C@_09BHHEALKD@September?$AA@ 0000000180012720     libucrt:nlsdata.obj
 0002:00001730       ??_C@_07JJNFCEND@October?$AA@ 0000000180012730     libucrt:nlsdata.obj
 0002:00001738       ??_C@_08HCHEGEOA@November?$AA@ 0000000180012738     libucrt:nlsdata.obj
 0002:00001748       ??_C@_08EDHMEBNP@December?$AA@ 0000000180012748     libucrt:nlsdata.obj
 0002:00001754       ??_C@_02DEDBPAFC@AM?$AA@   0000000180012754     libucrt:nlsdata.obj
 0002:00001758       ??_C@_02CJNFDJBF@PM?$AA@   0000000180012758     libucrt:nlsdata.obj
 0002:00001760       ??_C@_08BPBNCDIB@MM?1dd?1yy?$AA@ 0000000180012760     libucrt:nlsdata.obj
 0002:00001770       ??_C@_0BE@CKGJFCPC@dddd?0?5MMMM?5dd?0?5yyyy?$AA@ 0000000180012770     libucrt:nlsdata.obj
 0002:00001788       ??_C@_08JCCMCCIL@HH?3mm?3ss?$AA@ 0000000180012788     libucrt:nlsdata.obj
 0002:00001798       ??_C@_17MBGCMIPB@?$AAS?$AAu?$AAn?$AA?$AA@ 0000000180012798     libucrt:nlsdata.obj
 0002:000017a0       ??_C@_17KBOMKBF@?$AAM?$AAo?$AAn?$AA?$AA@ 00000001800127a0     libucrt:nlsdata.obj
 0002:000017a8       ??_C@_17BMKGEGOJ@?$AAT?$AAu?$AAe?$AA?$AA@ 00000001800127a8     libucrt:nlsdata.obj
 0002:000017b0       ??_C@_17CJEDCEPE@?$AAW?$AAe?$AAd?$AA?$AA@ 00000001800127b0     libucrt:nlsdata.obj
 0002:000017b8       ??_C@_17PDPHAADD@?$AAT?$AAh?$AAu?$AA?$AA@ 00000001800127b8     libucrt:nlsdata.obj
 0002:000017c0       ??_C@_17HFOLPPLP@?$AAF?$AAr?$AAi?$AA?$AA@ 00000001800127c0     libucrt:nlsdata.obj
 0002:000017c8       ??_C@_17GGIBDPIH@?$AAS?$AAa?$AAt?$AA?$AA@ 00000001800127c8     libucrt:nlsdata.obj
 0002:000017d0       ??_C@_1O@IHNHDHPB@?$AAS?$AAu?$AAn?$AAd?$AAa?$AAy?$AA?$AA@ 00000001800127d0     libucrt:nlsdata.obj
 0002:000017e0       ??_C@_1O@MMNBFLIA@?$AAM?$AAo?$AAn?$AAd?$AAa?$AAy?$AA?$AA@ 00000001800127e0     libucrt:nlsdata.obj
 0002:000017f0       ??_C@_1BA@ENFBFFEK@?$AAT?$AAu?$AAe?$AAs?$AAd?$AAa?$AAy?$AA?$AA@ 00000001800127f0     libucrt:nlsdata.obj
 0002:00001800       ??_C@_1BE@EBOGMDOH@?$AAW?$AAe?$AAd?$AAn?$AAe?$AAs?$AAd?$AAa?$AAy?$AA?$AA@ 0000000180012800     libucrt:nlsdata.obj
 0002:00001818       ??_C@_1BC@HHMNLIHE@?$AAT?$AAh?$AAu?$AAr?$AAs?$AAd?$AAa?$AAy?$AA?$AA@ 0000000180012818     libucrt:nlsdata.obj
 0002:00001830       ??_C@_1O@PDICJHAG@?$AAF?$AAr?$AAi?$AAd?$AAa?$AAy?$AA?$AA@ 0000000180012830     libucrt:nlsdata.obj
 0002:00001840       ??_C@_1BC@ENMNNPAJ@?$AAS?$AAa?$AAt?$AAu?$AAr?$AAd?$AAa?$AAy?$AA?$AA@ 0000000180012840     libucrt:nlsdata.obj
 0002:00001858       ??_C@_17DKNBKCHM@?$AAJ?$AAa?$AAn?$AA?$AA@ 0000000180012858     libucrt:nlsdata.obj
 0002:00001860       ??_C@_17LMDJEKJN@?$AAF?$AAe?$AAb?$AA?$AA@ 0000000180012860     libucrt:nlsdata.obj
 0002:00001868       ??_C@_17CKNLEDEC@?$AAM?$AAa?$AAr?$AA?$AA@ 0000000180012868     libucrt:nlsdata.obj
 0002:00001870       ??_C@_17LFPOIHDD@?$AAA?$AAp?$AAr?$AA?$AA@ 0000000180012870     libucrt:nlsdata.obj
 0002:00001878       ??_C@_17PNNKMEED@?$AAM?$AAa?$AAy?$AA?$AA@ 0000000180012878     libucrt:nlsdata.obj
 0002:00001880       ??_C@_17KCJGOCPB@?$AAJ?$AAu?$AAn?$AA?$AA@ 0000000180012880     libucrt:nlsdata.obj
 0002:00001888       ??_C@_17IJPCKHK@?$AAJ?$AAu?$AAl?$AA?$AA@ 0000000180012888     libucrt:nlsdata.obj
 0002:00001890       ??_C@_17ICPELBCN@?$AAA?$AAu?$AAg?$AA?$AA@ 0000000180012890     libucrt:nlsdata.obj
 0002:00001898       ??_C@_17HCHCOKMG@?$AAS?$AAe?$AAp?$AA?$AA@ 0000000180012898     libucrt:nlsdata.obj
 0002:000018a0       ??_C@_17FNLKOI@?$AAO?$AAc?$AAt?$AA?$AA@ 00000001800128a0     libucrt:nlsdata.obj
 0002:000018a8       ??_C@_17BBDMLCIG@?$AAN?$AAo?$AAv?$AA?$AA@ 00000001800128a8     libucrt:nlsdata.obj
 0002:000018b0       ??_C@_17EGKACKIF@?$AAD?$AAe?$AAc?$AA?$AA@ 00000001800128b0     libucrt:nlsdata.obj
 0002:000018b8       ??_C@_1BA@EFMEIEBA@?$AAJ?$AAa?$AAn?$AAu?$AAa?$AAr?$AAy?$AA?$AA@ 00000001800128b8     libucrt:nlsdata.obj
 0002:000018c8       ??_C@_1BC@JGDDFFAM@?$AAF?$AAe?$AAb?$AAr?$AAu?$AAa?$AAr?$AAy?$AA?$AA@ 00000001800128c8     libucrt:nlsdata.obj
 0002:000018e0       ??_C@_1M@IKEENEDF@?$AAM?$AAa?$AAr?$AAc?$AAh?$AA?$AA@ 00000001800128e0     libucrt:nlsdata.obj
 0002:000018f0       ??_C@_1M@GJNLMHFD@?$AAA?$AAp?$AAr?$AAi?$AAl?$AA?$AA@ 00000001800128f0     libucrt:nlsdata.obj
 0002:00001900       ??_C@_19EPFLPGAP@?$AAJ?$AAu?$AAn?$AAe?$AA?$AA@ 0000000180012900     libucrt:nlsdata.obj
 0002:00001910       ??_C@_19BIFMLPCD@?$AAJ?$AAu?$AAl?$AAy?$AA?$AA@ 0000000180012910     libucrt:nlsdata.obj
 0002:00001920       ??_C@_1O@PAHLKOAC@?$AAA?$AAu?$AAg?$AAu?$AAs?$AAt?$AA?$AA@ 0000000180012920     libucrt:nlsdata.obj
 0002:00001930       ??_C@_1BE@DKAAMBJL@?$AAS?$AAe?$AAp?$AAt?$AAe?$AAm?$AAb?$AAe?$AAr?$AA?$AA@ 0000000180012930     libucrt:nlsdata.obj
 0002:00001948       ??_C@_1BA@EPANDLNG@?$AAO?$AAc?$AAt?$AAo?$AAb?$AAe?$AAr?$AA?$AA@ 0000000180012948     libucrt:nlsdata.obj
 0002:00001958       ??_C@_1BC@BGLIFPF@?$AAN?$AAo?$AAv?$AAe?$AAm?$AAb?$AAe?$AAr?$AA?$AA@ 0000000180012958     libucrt:nlsdata.obj
 0002:00001970       ??_C@_1BC@FEMKIFH@?$AAD?$AAe?$AAc?$AAe?$AAm?$AAb?$AAe?$AAr?$AA?$AA@ 0000000180012970     libucrt:nlsdata.obj
 0002:00001984       ??_C@_15ODEHAHHF@?$AAA?$AAM?$AA?$AA@ 0000000180012984     libucrt:nlsdata.obj
 0002:0000198c       ??_C@_15CLMNNGEL@?$AAP?$AAM?$AA?$AA@ 000000018001298c     libucrt:nlsdata.obj
 0002:00001998       ??_C@_1BC@IEBCMHCM@?$AAM?$AAM?$AA?1?$AAd?$AAd?$AA?1?$AAy?$AAy?$AA?$AA@ 0000000180012998     libucrt:nlsdata.obj
 0002:000019b0       ??_C@_1CI@KNAKOEBC@?$AAd?$AAd?$AAd?$AAd?$AA?0?$AA?5?$AAM?$AAM?$AAM?$AAM?$AA?5?$AAd?$AAd?$AA?0?$AA?5?$AAy?$AAy?$AAy?$AAy?$AA?$AA@ 00000001800129b0     libucrt:nlsdata.obj
 0002:000019d8       ??_C@_1BC@GDGBMEMK@?$AAH?$AAH?$AA?3?$AAm?$AAm?$AA?3?$AAs?$AAs?$AA?$AA@ 00000001800129d8     libucrt:nlsdata.obj
 0002:000019f0       ??_C@_1M@BMHNFIME@?$AAe?$AAn?$AA?9?$AAU?$AAS?$AA?$AA@ 00000001800129f0     libucrt:nlsdata.obj
 0002:00001a20       ??_C@_1M@HPNHIDJI@?$AAj?$AAa?$AA?9?$AAJ?$AAP?$AA?$AA@ 0000000180012a20     libucrt:mbctype.obj
 0002:00001a30       ??_C@_1M@BIBDDEMK@?$AAz?$AAh?$AA?9?$AAC?$AAN?$AA?$AA@ 0000000180012a30     libucrt:mbctype.obj
 0002:00001a40       ??_C@_1M@JLOOOEGK@?$AAk?$AAo?$AA?9?$AAK?$AAR?$AA?$AA@ 0000000180012a40     libucrt:mbctype.obj
 0002:00001a50       ??_C@_1M@CLNBBOPM@?$AAz?$AAh?$AA?9?$AAT?$AAW?$AA?$AA@ 0000000180012a50     libucrt:mbctype.obj
 0002:00001b00       ??_C@_1EA@JGEFHKEI@?$AAa?$AAp?$AAi?$AA?9?$AAm?$AAs?$AA?9?$AAw?$AAi?$AAn?$AA?9?$AAc?$AAo?$AAr?$AAe?$AA?9?$AAd?$AAa?$AAt?$AAe?$AAt?$AAi?$AAm?$AAe?$AA?9?$AAl?$AA1?$AA?9?$AA1?$AA?9?$AA1?$AA?$AA@ 0000000180012b00     libucrt:winapi_thunks.obj
 0002:00001b40       ??_C@_1DM@KHCHBNEB@?$AAa?$AAp?$AAi?$AA?9?$AAm?$AAs?$AA?9?$AAw?$AAi?$AAn?$AA?9?$AAc?$AAo?$AAr?$AAe?$AA?9?$AAf?$AAi?$AAb?$AAe?$AAr?$AAs?$AA?9?$AAl?$AA1?$AA?9?$AA1?$AA?9?$AA1?$AA?$AA@ 0000000180012b40     libucrt:winapi_thunks.obj
 0002:00001b80       ??_C@_1DI@IJCEHOCB@?$AAa?$AAp?$AAi?$AA?9?$AAm?$AAs?$AA?9?$AAw?$AAi?$AAn?$AA?9?$AAc?$AAo?$AAr?$AAe?$AA?9?$AAf?$AAi?$AAl?$AAe?$AA?9?$AAl?$AA1?$AA?9?$AA2?$AA?9?$AA2?$AA?$AA@ 0000000180012b80     libucrt:winapi_thunks.obj
 0002:00001bc0       ??_C@_1EI@MPIAOHOC@?$AAa?$AAp?$AAi?$AA?9?$AAm?$AAs?$AA?9?$AAw?$AAi?$AAn?$AA?9?$AAc?$AAo?$AAr?$AAe?$AA?9?$AAl?$AAo?$AAc?$AAa?$AAl?$AAi?$AAz?$AAa?$AAt?$AAi?$AAo?$AAn?$AA?9?$AAl?$AA1?$AA?9@ 0000000180012bc0     libucrt:winapi_thunks.obj
 0002:00001c10       ??_C@_1FK@FPHCKFIE@?$AAa?$AAp?$AAi?$AA?9?$AAm?$AAs?$AA?9?$AAw?$AAi?$AAn?$AA?9?$AAc?$AAo?$AAr?$AAe?$AA?9?$AAl?$AAo?$AAc?$AAa?$AAl?$AAi?$AAz?$AAa?$AAt?$AAi?$AAo?$AAn?$AA?9?$AAo?$AAb?$AAs@ 0000000180012c10     libucrt:winapi_thunks.obj
 0002:00001c70       ??_C@_1EM@DILCGIIO@?$AAa?$AAp?$AAi?$AA?9?$AAm?$AAs?$AA?9?$AAw?$AAi?$AAn?$AA?9?$AAc?$AAo?$AAr?$AAe?$AA?9?$AAp?$AAr?$AAo?$AAc?$AAe?$AAs?$AAs?$AAt?$AAh?$AAr?$AAe?$AAa?$AAd?$AAs?$AA?9?$AAl@ 0000000180012c70     libucrt:winapi_thunks.obj
 0002:00001cc0       ??_C@_1DM@LNCGDDPN@?$AAa?$AAp?$AAi?$AA?9?$AAm?$AAs?$AA?9?$AAw?$AAi?$AAn?$AA?9?$AAc?$AAo?$AAr?$AAe?$AA?9?$AAs?$AAt?$AAr?$AAi?$AAn?$AAg?$AA?9?$AAl?$AA1?$AA?9?$AA1?$AA?9?$AA0?$AA?$AA@ 0000000180012cc0     libucrt:winapi_thunks.obj
 0002:00001d00       ??_C@_1DK@LPPGFMPP@?$AAa?$AAp?$AAi?$AA?9?$AAm?$AAs?$AA?9?$AAw?$AAi?$AAn?$AA?9?$AAc?$AAo?$AAr?$AAe?$AA?9?$AAs?$AAy?$AAn?$AAc?$AAh?$AA?9?$AAl?$AA1?$AA?9?$AA2?$AA?9?$AA0?$AA?$AA@ 0000000180012d00     libucrt:winapi_thunks.obj
 0002:00001d40       ??_C@_1DO@FPAPJEMD@?$AAa?$AAp?$AAi?$AA?9?$AAm?$AAs?$AA?9?$AAw?$AAi?$AAn?$AA?9?$AAc?$AAo?$AAr?$AAe?$AA?9?$AAs?$AAy?$AAs?$AAi?$AAn?$AAf?$AAo?$AA?9?$AAl?$AA1?$AA?9?$AA2?$AA?9?$AA1?$AA?$AA@ 0000000180012d40     libucrt:winapi_thunks.obj
 0002:00001d80       ??_C@_1DK@NDHNAHIO@?$AAa?$AAp?$AAi?$AA?9?$AAm?$AAs?$AA?9?$AAw?$AAi?$AAn?$AA?9?$AAc?$AAo?$AAr?$AAe?$AA?9?$AAw?$AAi?$AAn?$AAr?$AAt?$AA?9?$AAl?$AA1?$AA?9?$AA1?$AA?9?$AA0?$AA?$AA@ 0000000180012d80     libucrt:winapi_thunks.obj
 0002:00001dc0       ??_C@_1DM@KGHDGBCM@?$AAa?$AAp?$AAi?$AA?9?$AAm?$AAs?$AA?9?$AAw?$AAi?$AAn?$AA?9?$AAc?$AAo?$AAr?$AAe?$AA?9?$AAx?$AAs?$AAt?$AAa?$AAt?$AAe?$AA?9?$AAl?$AA2?$AA?9?$AA1?$AA?9?$AA0?$AA?$AA@ 0000000180012dc0     libucrt:winapi_thunks.obj
 0002:00001e00       ??_C@_1EO@IJIOEFOH@?$AAa?$AAp?$AAi?$AA?9?$AAm?$AAs?$AA?9?$AAw?$AAi?$AAn?$AA?9?$AAr?$AAt?$AAc?$AAo?$AAr?$AAe?$AA?9?$AAn?$AAt?$AAu?$AAs?$AAe?$AAr?$AA?9?$AAw?$AAi?$AAn?$AAd?$AAo?$AAw?$AA?9@ 0000000180012e00     libucrt:winapi_thunks.obj
 0002:00001e50       ??_C@_1FG@HHGEKANL@?$AAa?$AAp?$AAi?$AA?9?$AAm?$AAs?$AA?9?$AAw?$AAi?$AAn?$AA?9?$AAs?$AAe?$AAc?$AAu?$AAr?$AAi?$AAt?$AAy?$AA?9?$AAs?$AAy?$AAs?$AAt?$AAe?$AAm?$AAf?$AAu?$AAn?$AAc?$AAt?$AAi@ 0000000180012e50     libucrt:winapi_thunks.obj
 0002:00001eb0       ??_C@_1EG@DBIOJECG@?$AAe?$AAx?$AAt?$AA?9?$AAm?$AAs?$AA?9?$AAw?$AAi?$AAn?$AA?9?$AAn?$AAt?$AAu?$AAs?$AAe?$AAr?$AA?9?$AAd?$AAi?$AAa?$AAl?$AAo?$AAg?$AAb?$AAo?$AAx?$AA?9?$AAl?$AA1?$AA?9?$AA1@ 0000000180012eb0     libucrt:winapi_thunks.obj
 0002:00001f00       ??_C@_1EO@FIHMJCLF@?$AAe?$AAx?$AAt?$AA?9?$AAm?$AAs?$AA?9?$AAw?$AAi?$AAn?$AA?9?$AAn?$AAt?$AAu?$AAs?$AAe?$AAr?$AA?9?$AAw?$AAi?$AAn?$AAd?$AAo?$AAw?$AAs?$AAt?$AAa?$AAt?$AAi?$AAo?$AAn?$AA?9@ 0000000180012f00     libucrt:winapi_thunks.obj
 0002:00001f50       ??_C@_1BC@DNHGCMLG@?$AAa?$AAd?$AAv?$AAa?$AAp?$AAi?$AA3?$AA2?$AA?$AA@ 0000000180012f50     libucrt:winapi_thunks.obj
 0002:00001f68       ??_C@_1BC@GDMECMAK@?$AAk?$AAe?$AAr?$AAn?$AAe?$AAl?$AA3?$AA2?$AA?$AA@ 0000000180012f68     libucrt:winapi_thunks.obj
 0002:00001f80       ??_C@_1M@OAIMIKLP@?$AAn?$AAt?$AAd?$AAl?$AAl?$AA?$AA@ 0000000180012f80     libucrt:winapi_thunks.obj
[...]
 0004:00000c3c       $pdata$?initialize_stdio_handles_nolock@@YAXXZ 000000018001ec3c     libucrt:ioinit.obj
 0004:00000c48       $pdata$__acrt_initialize_lowio 000000018001ec48     libucrt:ioinit.obj
 0004:00000c54       $pdata$__acrt_uninitialize_lowio 000000018001ec54     libucrt:ioinit.obj
 0004:00000c60       $pdata$__acrt_execute_initializers 000000018001ec60     libucrt:shared_initialization.obj
 0004:00000c6c       $pdata$__acrt_execute_uninitializers 000000018001ec6c     libucrt:shared_initialization.obj
 0004:00000c78       $pdata$??$?RV<lambda_450d765d439847d4c735a33c368b5fc0>@@AEAV<lambda_44731a7d0e6d81c3e6aa82d741081786>@@V<lambda_601a2a7da3b7a96e9554ac7215c4b07c>@@@?$__crt_seh_guarded_call@P6AXH@Z@@QEAAP6AXH@Z$$QEAV<lambda_450d765d439847d4c735a33c368b5fc0>@@AEAV<lambda_44731a7d0e6d81c3e6aa82d741081786>@@$$QEAV<lambda_601a2a7da3b7a96e9554ac7215c4b07c>@@@Z 000000018001ec78     libucrt:signal.obj
 0004:00000c84       $pdata$__acrt_get_sigabrt_handler 000000018001ec84     libucrt:signal.obj
 0004:00000c90       $pdata$raise               000000018001ec90     libucrt:signal.obj
 0004:00000c9c       $pdata$??$?RV<lambda_842d9ff0dc9ef11c61343bbaebe7f885>@@AEAV<lambda_c5860995281e5c4ce005b3de8f5874ee>@@V<lambda_d90129c13df834fdcbf8d2b88dafcf2d>@@@?$__crt_seh_guarded_call@X@@QEAAX$$QEAV<lambda_842d9ff0dc9ef11c61343bbaebe7f885>@@AEAV<lambda_c5860995281e5c4ce005b3de8f5874ee>@@$$QEAV<lambda_d90129c13df834fdcbf8d2b88dafcf2d>@@@Z 000000018001ec9c     libucrt:fflush.obj
 0004:00000ca8       $pdata$??$?RV<lambda_886d6c58226a84441f68b9f2b8217b83>@@AEAV<lambda_ab61a845afdef5b7c387490eaf3616ee>@@V<lambda_f7f22ab5edc0698d5f6905b0d3f44752>@@@?$__crt_seh_guarded_call@X@@QEAAX$$QEAV<lambda_886d6c58226a84441f68b9f2b8217b83>@@AEAV<lambda_ab61a845afdef5b7c387490eaf3616ee>@@$$QEAV<lambda_f7f22ab5edc0698d5f6905b0d3f44752>@@@Z 000000018001eca8     libucrt:fflush.obj
 0004:00000cb4       $pdata$?common_flush_all@@YAH_N@Z 000000018001ecb4     libucrt:fflush.obj
 0004:00000cc0       $pdata$__acrt_stdio_flush_nolock 000000018001ecc0     libucrt:fflush.obj
 0004:00000ccc       $pdata$_fflush_nolock      000000018001eccc     libucrt:fflush.obj
 0004:00000cd8       $pdata$__acrt_initialize_stdio 000000018001ecd8     libucrt:_file.obj
 0004:00000ce4       $pdata$__acrt_uninitialize_stdio 000000018001ece4     libucrt:_file.obj
 0004:00000cf0       $pdata$_mbtowc_l           000000018001ecf0     libucrt:mbtowc.obj
 0004:00000cfc       $pdata$_fileno             000000018001ecfc     libucrt:fileno.obj
 0004:00000d08       $pdata$__pctype_func       000000018001ed08     libucrt:ctype.obj
 0004:00000d14       $pdata$_isctype_l          000000018001ed14     libucrt:isctype.obj
 0004:00000d20       $pdata$__acrt_free_locale  000000018001ed20     libucrt:locale_refcounting.obj
 0004:00000d2c       $pdata$__acrt_locale_free_lc_time_if_unreferenced 000000018001ed2c     libucrt:locale_refcounting.obj
 0004:00000d38       $pdata$__acrt_release_locale_ref 000000018001ed38     libucrt:locale_refcounting.obj
 0004:00000d44       $pdata$__acrt_update_thread_locale_data 000000018001ed44     libucrt:locale_refcounting.obj
 0004:00000d50       $pdata$_updatetlocinfoEx_nolock 000000018001ed50     libucrt:locale_refcounting.obj
 0004:00000d5c       $pdata$_isleadbyte_l       000000018001ed5c     libucrt:_wctype.obj
 0004:00000d68       $pdata$?__acrt_LCMapStringA_stat@@YAHPEAU__crt_locale_pointers@@PEB_WKPEBDHPEADHHH@Z 000000018001ed68     libucrt:lcmapstringa.obj
 0004:00000d74       $pdata$__acrt_LCMapStringA 000000018001ed74     libucrt:lcmapstringa.obj
 0004:00000d80       $pdata$__acrt_locale_free_monetary 000000018001ed80     libucrt:initmon.obj
 0004:00000d8c       $pdata$__acrt_locale_free_numeric 000000018001ed8c     libucrt:initnum.obj
 0004:00000d98       $pdata$?free_crt_array_internal@@YAXQEAPEBX_K@Z 000000018001ed98     libucrt:inittime.obj
 0004:00000da4       $pdata$__acrt_locale_free_time 000000018001eda4     libucrt:inittime.obj
 0004:00000db0       $pdata$__acrt_GetStringTypeA 000000018001edb0     libucrt:getstringtypea.obj
 0004:00000dbc       $pdata$qsort               000000018001edbc     libucrt:qsort.obj
 0004:00000dc8       $pdata$4$qsort             000000018001edc8     libucrt:qsort.obj
 0004:00000dd4       $pdata$5$qsort             000000018001edd4     libucrt:qsort.obj
 0004:00000de0       $pdata$strncpy_s           000000018001ede0     libucrt:strncpy_s.obj
 0004:00000dec       $pdata$fallbackMethod      000000018001edec     libucrt:strpbrk.obj
 0004:00000df8       $pdata$strpbrk             000000018001edf8     libucrt:strpbrk.obj
 0004:00000e04       $pdata$_mbsdec_l           000000018001ee04     libucrt:mbsdec.obj
 0004:00000e10       $pdata$?initialize_multibyte@@YAHXZ 000000018001ee10     libucrt:multibyte_initializer.obj
 0004:00000e1c       $pdata$_msize_base         000000018001ee1c     libucrt:msize.obj
 0004:00000e28       $pdata$_realloc_base       000000018001ee28     libucrt:realloc_base.obj
 0004:00000e34       $pdata$?GetTableIndexFromLocaleName@@YAHPEB_W@Z 000000018001ee34     libucrt:lcidtoname_downlevel.obj
 0004:00000e40       $pdata$__acrt_DownlevelLocaleNameToLCID 000000018001ee40     libucrt:lcidtoname_downlevel.obj
 0004:00000e4c       $pdata$__acrt_lowio_create_handle_array 000000018001ee4c     libucrt:osfinfo.obj
 0004:00000e58       $pdata$__acrt_lowio_destroy_handle_array 000000018001ee58     libucrt:osfinfo.obj
 0004:00000e64       $pdata$__acrt_lowio_ensure_fh_exists 000000018001ee64     libucrt:osfinfo.obj
 0004:00000e70       $pdata$_free_osfhnd        000000018001ee70     libucrt:osfinfo.obj
 0004:00000e7c       $pdata$_get_osfhandle      000000018001ee7c     libucrt:osfinfo.obj
 0004:00000e88       $pdata$??$?RV<lambda_a37b2b86f63e897a80ea819b0eb08c01>@@AEAV<lambda_38ce7e780aa69e748d6df282ebc68efe>@@V<lambda_99fb1378e971ab6e7edea83e3a7a83a2>@@@?$__crt_seh_guarded_call@H@@QEAAH$$QEAV<lambda_a37b2b86f63e897a80ea819b0eb08c01>@@AEAV<lambda_38ce7e780aa69e748d6df282ebc68efe>@@$$QEAV<lambda_99fb1378e971ab6e7edea83e3a7a83a2>@@@Z 000000018001ee88     libucrt:commit.obj
 0004:00000e94       $pdata$_commit             000000018001ee94     libucrt:commit.obj
 0004:00000ea0       $pdata$?write_double_translated_ansi_nolock@@YA?AUwrite_result@?A0x17268360@@HQEBDI@Z 000000018001eea0     libucrt:write.obj
 0004:00000eac       $pdata$?write_text_ansi_nolock@@YA?AUwrite_result@?A0x17268360@@HQEBDI@Z 000000018001eeac     libucrt:write.obj
 0004:00000eb8       $pdata$?write_text_utf16le_nolock@@YA?AUwrite_result@?A0x17268360@@HQEBDI@Z 000000018001eeb8     libucrt:write.obj
 0004:00000ec4       $pdata$?write_text_utf8_nolock@@YA?AUwrite_result@?A0x17268360@@HQEBDI@Z 000000018001eec4     libucrt:write.obj
 0004:00000ed0       $pdata$_write              000000018001eed0     libucrt:write.obj
 0004:00000edc       $pdata$_write_nolock       000000018001eedc     libucrt:write.obj
 0004:00000ee8       $pdata$_fcloseall          000000018001eee8     libucrt:closeall.obj
 0004:00000ef4       $pdata$__acrt_stdio_free_buffer_nolock 000000018001eef4     libucrt:_freebuf.obj
 0004:00000f00       $pdata$_isatty             000000018001ef00     libucrt:isatty.obj
 0004:00000f0c       $pdata$?__mbrtowc_utf8@__crt_mbstring@@YA_KPEA_WPEBD_KPEAU_Mbstatet@@@Z 000000018001ef0c     libucrt:mbrtowc.obj
 0004:00000f18       $pdata$?__mbsrtowcs_utf8@__crt_mbstring@@YA_KPEA_WPEAPEBD_KPEAU_Mbstatet@@@Z 000000018001ef18     libucrt:mbrtowc.obj
 0004:00000f24       $pdata$??$common_lseek_nolock@_J@@YA_JH_JH@Z 000000018001ef24     libucrt:lseek.obj
 0004:00000f30       $pdata$_putwch_nolock      000000018001ef30     libucrt:putwch.obj
 0004:00000f3c       $pdata$_fclose_nolock      000000018001ef3c     libucrt:fclose.obj
 0004:00000f48       $pdata$fclose              000000018001ef48     libucrt:fclose.obj
 0004:00000f54       $pdata$?__mbrtoc32_utf8@__crt_mbstring@@YA_KPEA_UPEBD_KPEAU_Mbstatet@@@Z 000000018001ef54     libucrt:mbrtoc32.obj
 0004:00000f6c       $pdata$__dcrt_lowio_ensure_console_output_initialized 000000018001ef6c     libucrt:initcon.obj
 0004:00000f78       $pdata$__dcrt_terminate_console_output 000000018001ef78     libucrt:initcon.obj
 0004:00000f84       $pdata$__dcrt_write_console 000000018001ef84     libucrt:initcon.obj
 0004:00000f90       $pdata$??$?RV<lambda_751a882b2c74d4b022dec766aa51a29a>@@AEAV<lambda_628dfdc04ba53c8bfc02c9951375f3f5>@@V<lambda_f6c7be5f7998530c34de24c7437d6b54>@@@?$__crt_seh_guarded_call@H@@QEAAH$$QEAV<lambda_751a882b2c74d4b022dec766aa51a29a>@@AEAV<lambda_628dfdc04ba53c8bfc02c9951375f3f5>@@$$QEAV<lambda_f6c7be5f7998530c34de24c7437d6b54>@@@Z 000000018001ef90     libucrt:close.obj
 0004:00000f9c       $pdata$_close              000000018001ef9c     libucrt:close.obj
 0004:00000fa8       $pdata$_close_nolock       000000018001efa8     libucrt:close.obj
 0004:00000fb4       $pdata$_call_matherr       000000018001efb4     libucrt:libm_error.obj
 0004:00000fc0       $pdata$_exception_enabled  000000018001efc0     libucrt:libm_error.obj
 0004:00000fcc       $pdata$_handle_error       000000018001efcc     libucrt:libm_error.obj
 0004:00000fd8       $pdata$__acrt_initialize_fma3 000000018001efd8     libucrt:fma3_available.obj
 0004:00000fe4       $pdata$_log10_special      000000018001efe4     libucrt:log_special.obj
 0004:00000ff0       $pdata$_log_special_common 000000018001eff0     libucrt:log_special.obj
 0004:00001008       $pdata$_raise_exc          000000018001f008     libucrt:fpexcept.obj
 0004:00001014       $pdata$_raise_exc_ex       000000018001f014     libucrt:fpexcept.obj
 0004:00001020       $pdata$_set_errno_from_matherr 000000018001f020     libucrt:fpexcept.obj
 0004:0000102c       $pdata$_clrfp              000000018001f02c     libucrt:fpctrl.obj
 0004:00001038       $pdata$_ctrlfp             000000018001f038     libucrt:fpctrl.obj
 0004:00001044       $pdata$_set_statfp         000000018001f044     libucrt:fpctrl.obj
 0004:00001050       $pdata$_statfp             000000018001f050     libucrt:fpctrl.obj
 0004:0000105c       $pdata$?DloadAcquireSectionWriteAccess@@YAXXZ 000000018001f05c     DelayImp:delayhlp.obj
 0004:00001068       $pdata$?DloadGetSRWLockFunctionPointers@@YAEXZ 000000018001f068     DelayImp:delayhlp.obj
 0004:00001074       $pdata$?DloadMakePermanentImageCommit@@YAXPEAX_K@Z 000000018001f074     DelayImp:delayhlp.obj
 0004:00001080       $pdata$?DloadObtainSection@@YAPEAXPEAK0@Z 000000018001f080     DelayImp:delayhlp.obj
 0004:0000108c       $pdata$?DloadProtectSection@@YAXKPEAK@Z 000000018001f08c     DelayImp:delayhlp.obj
 0004:00001098       $pdata$?DloadReleaseSectionWriteAccess@@YAXXZ 000000018001f098     DelayImp:delayhlp.obj
 0004:000010a4       $pdata$__delayLoadHelper2  000000018001f0a4     DelayImp:delayhlp.obj
 0004:000010b0       $pdata$_IsNonwritableInCurrentImage 000000018001f0b0     LIBCMT:pesect.obj
 0004:000010bc       $pdata$__GSHandlerCheck    000000018001f0bc     LIBCMT:gshandler.obj
 0004:000010c8       $pdata$__GSHandlerCheckCommon 000000018001f0c8     LIBCMT:gshandler.obj
 0004:000010ec       $pdata$__GSHandlerCheck_EH 000000018001f0ec     LIBCMT:gshandlereh.obj
 0004:00001104       $pdata$?catch$0@?0??Message@Error@Napi@@QEBAAEBV?$basic_string@DU?$char_traits@D@std@@V?$allocator@D@2@@std@@XZ@4HA 000000018001f104     ewc.obj
 0004:00001110       $pdata$?catch$0@?0???$WrapCallback@V<lambda_8c7377a71108815b2eee34f099f4cb99>@@@details@Napi@@YAPEAUnapi_value__@@V<lambda_8c7377a71108815b2eee34f099f4cb99>@@@Z@4HA 000000018001f110     ewc.obj
 0004:0000111c       $pdata$?catch$0@?0???$WrapCallback@V<lambda_4b130013be4a466940e6fe08d32cda83>@@@details@Napi@@YAPEAUnapi_value__@@V<lambda_4b130013be4a466940e6fe08d32cda83>@@@Z@4HA 000000018001f11c     swca.obj
 0004:00001128       $pdata$?fin$0@?0??dllmain_crt_process_attach@@YAHQEAUHINSTANCE__@@QEAX@Z@4HA 000000018001f128     LIBCMT:dll_dllmain.obj
 0004:00001134       $pdata$?fin$0@?0??dllmain_crt_process_detach@@YAH_N@Z@4HA 000000018001f134     LIBCMT:dll_dllmain.obj
 0004:00001140       $pdata$?filt$0@?0??dllmain_dispatch@@YAHQEAUHINSTANCE__@@KQEAX@Z@4HA 000000018001f140     LIBCMT:dll_dllmain.obj
 0004:0000114c       $pdata$__scrt_is_nonwritable_in_current_image$filt$0 000000018001f14c     LIBCMT:utility.obj
 0004:00001158       $pdata$__DestructExceptionObject$filt$0 000000018001f158     libvcruntime:ehhelpers.obj
 0004:00001164       $pdata$?filt$0@?0???$_CallSETranslator@V__FrameHandler3@@@@YAHPEAUEHExceptionRecord@@PEA_KPEAU_CONTEXT@@PEAU_xDISPATCHER_CONTEXT@@PEBU_s_FuncInfo@@K1@Z@4HA 000000018001f164     libvcruntime:risctrnsctrl.obj
 0004:00001170       $pdata$?filt$0@?0??CxxCallCatchBlock@__FrameHandler3@@SAPEAXPEAU_EXCEPTION_RECORD@@@Z@4HA 000000018001f170     libvcruntime:frame.obj
 0004:0000117c       $pdata$?fin$1@?0??CxxCallCatchBlock@__FrameHandler3@@SAPEAXPEAU_EXCEPTION_RECORD@@@Z@4HA 000000018001f17c     libvcruntime:frame.obj
 0004:00001188       $pdata$?filt$0@?0??FrameUnwindToState@__FrameHandler3@@SAXPEA_KPEAU_xDISPATCHER_CONTEXT@@PEBU_s_FuncInfo@@H@Z@4HA 000000018001f188     libvcruntime:frame.obj
 0004:00001194       $pdata$?fin$1@?0??FrameUnwindToState@__FrameHandler3@@SAXPEA_KPEAU_xDISPATCHER_CONTEXT@@PEBU_s_FuncInfo@@H@Z@4HA 000000018001f194     libvcruntime:frame.obj
 0004:000011a0       $pdata$_query_new_handler$fin$0 000000018001f1a0     libucrt:new_handler.obj
 0004:000011ac       $pdata$?fin$0@?0???$?RV<lambda_f2e299630e499de9f9a165e60fcd3db5>@@AEAV<lambda_2ae9d31cdba2644fcbeaf08da7c24588>@@V<lambda_40d01ff24d0e7b3814fdbdcee8eab3c7>@@@?$__crt_seh_guarded_call@X@@QEAAX$$QEAV<lambda_f2e299630e499de9f9a165e60fcd3db5>@@AEAV<lambda_2ae9d31cdba2644fcbeaf08da7c24588>@@$$QEAV<lambda_40d01ff24d0e7b3814fdbdcee8eab3c7>@@@Z@4HA 000000018001f1ac     libucrt:per_thread_data.obj
 0004:000011ac       $pdata$?fin$0@?0???$?RV<lambda_0ae27a3a962d80f24befdcbee591983d>@@AEAV<lambda_8d0ee55de4b1038c4002e0adecdf1839>@@V<lambda_dc504788e8f1664fe9b84e20bfb512f2>@@@?$__crt_seh_guarded_call@X@@QEAAX$$QEAV<lambda_0ae27a3a962d80f24befdcbee591983d>@@AEAV<lambda_8d0ee55de4b1038c4002e0adecdf1839>@@$$QEAV<lambda_dc504788e8f1664fe9b84e20bfb512f2>@@@Z@4HA 000000018001f1ac     libucrt:per_thread_data.obj
 0004:000011ac       $pdata$?fin$0@?0???$?RV<lambda_efdfa57d1f175319df784efa44bb7b81>@@AEAV<lambda_5f0a4c1567f8adc6734073e5d1e1b35c>@@V<lambda_2e8a7d3640ea6ccb4c2413664c2db6fd>@@@?$__crt_seh_guarded_call@X@@QEAAX$$QEAV<lambda_efdfa57d1f175319df784efa44bb7b81>@@AEAV<lambda_5f0a4c1567f8adc6734073e5d1e1b35c>@@$$QEAV<lambda_2e8a7d3640ea6ccb4c2413664c2db6fd>@@@Z@4HA 000000018001f1ac     libucrt:mbctype.obj
 0004:000011ac       $pdata$?fin$0@?0???$?RV<lambda_7777bce6b2f8c936911f934f8298dc43>@@AEAV<lambda_f03950bc5685219e0bcd2087efbe011e>@@V<lambda_3883c3dff614d5e0c5f61bb1ac94921c>@@@?$__crt_seh_guarded_call@H@@QEAAH$$QEAV<lambda_7777bce6b2f8c936911f934f8298dc43>@@AEAV<lambda_f03950bc5685219e0bcd2087efbe011e>@@$$QEAV<lambda_3883c3dff614d5e0c5f61bb1ac94921c>@@@Z@4HA 000000018001f1ac     libucrt:onexit.obj
 0004:000011ac       $pdata$?fin$0@?0???$?RV<lambda_d80eeec6fff315bfe5c115232f3240e3>@@AEAV<lambda_6e4b09c48022b2350581041d5f6b0c4c>@@V<lambda_2358e3775559c9db80273638284d5e45>@@@?$__crt_seh_guarded_call@X@@QEAAX$$QEAV<lambda_d80eeec6fff315bfe5c115232f3240e3>@@AEAV<lambda_6e4b09c48022b2350581041d5f6b0c4c>@@$$QEAV<lambda_2358e3775559c9db80273638284d5e45>@@@Z@4HA 000000018001f1ac     libucrt:exit.obj
 0004:000011ac       $pdata$?fin$0@?0???$?RV<lambda_450d765d439847d4c735a33c368b5fc0>@@AEAV<lambda_44731a7d0e6d81c3e6aa82d741081786>@@V<lambda_601a2a7da3b7a96e9554ac7215c4b07c>@@@?$__crt_seh_guarded_call@P6AXH@Z@@QEAAP6AXH@Z$$QEAV<lambda_450d765d439847d4c735a33c368b5fc0>@@AEAV<lambda_44731a7d0e6d81c3e6aa82d741081786>@@$$QEAV<lambda_601a2a7da3b7a96e9554ac7215c4b07c>@@@Z@4HA 000000018001f1ac     libucrt:signal.obj
 0004:000011ac       $pdata$?fin$0@?0???$?RV<lambda_2d41944a1d46af3157314b8a01080d33>@@AEAV<lambda_8f455de75cd7d7f24b4096f044d8b9e6>@@V<lambda_aa500f224e6afead328df44964fe2772>@@@?$__crt_seh_guarded_call@X@@QEAAX$$QEAV<lambda_2d41944a1d46af3157314b8a01080d33>@@AEAV<lambda_8f455de75cd7d7f24b4096f044d8b9e6>@@$$QEAV<lambda_aa500f224e6afead328df44964fe2772>@@@Z@4HA 000000018001f1ac     libucrt:per_thread_data.obj
 0004:000011ac       $pdata$?fin$0@?0???$?RV<lambda_aa87e3671a710a21b5dc78c0bdf72e11>@@AEAV<lambda_92619d2358a28f41a33ba319515a20b9>@@V<lambda_6992ecaafeb10aed2b74cb1fae11a551>@@@?$__crt_seh_guarded_call@X@@QEAAX$$QEAV<lambda_aa87e3671a710a21b5dc78c0bdf72e11>@@AEAV<lambda_92619d2358a28f41a33ba319515a20b9>@@$$QEAV<lambda_6992ecaafeb10aed2b74cb1fae11a551>@@@Z@4HA 000000018001f1ac     libucrt:per_thread_data.obj
 0004:000011b8       $pdata$?filt$0@?0???R<lambda_6e4b09c48022b2350581041d5f6b0c4c>@@QEBA@XZ@4HA 000000018001f1b8     libucrt:exit.obj
 0004:000011c4       $pdata$?fin$0@?0???$?RV<lambda_410d79af7f07d98d83a3f525b3859a53>@@AEAV<lambda_3e16ef9562a7dcce91392c22ab16ea36>@@V<lambda_38119f0e861e05405d8a144b9b982f0a>@@@?$__crt_seh_guarded_call@X@@QEAAX$$QEAV<lambda_410d79af7f07d98d83a3f525b3859a53>@@AEAV<lambda_3e16ef9562a7dcce91392c22ab16ea36>@@$$QEAV<lambda_38119f0e861e05405d8a144b9b982f0a>@@@Z@4HA 000000018001f1c4     libucrt:wsetlocale.obj
 0004:000011d0       $pdata$?fin$0@?0??update_thread_multibyte_data_internal@@YAPEAU__crt_multibyte_data@@QEAU__acrt_ptd@@QEAPEAU1@@Z@4HA 000000018001f1d0     libucrt:mbctype.obj
 0004:000011dc       $pdata$__acrt_lowio_ensure_fh_exists$fin$0 000000018001f1dc     libucrt:osfinfo.obj
 0004:000011dc       $pdata$__acrt_initialize_lowio$fin$0 000000018001f1dc     libucrt:ioinit.obj
 0004:000011e8       $pdata$raise$fin$0         000000018001f1e8     libucrt:signal.obj
 0004:000011f4       $pdata$?fin$0@?0???$?RV<lambda_842d9ff0dc9ef11c61343bbaebe7f885>@@AEAV<lambda_c5860995281e5c4ce005b3de8f5874ee>@@V<lambda_d90129c13df834fdcbf8d2b88dafcf2d>@@@?$__crt_seh_guarded_call@X@@QEAAX$$QEAV<lambda_842d9ff0dc9ef11c61343bbaebe7f885>@@AEAV<lambda_c5860995281e5c4ce005b3de8f5874ee>@@$$QEAV<lambda_d90129c13df834fdcbf8d2b88dafcf2d>@@@Z@4HA 000000018001f1f4     libucrt:fflush.obj
 0004:00001200       $pdata$?fin$0@?0???$?RV<lambda_886d6c58226a84441f68b9f2b8217b83>@@AEAV<lambda_ab61a845afdef5b7c387490eaf3616ee>@@V<lambda_f7f22ab5edc0698d5f6905b0d3f44752>@@@?$__crt_seh_guarded_call@X@@QEAAX$$QEAV<lambda_886d6c58226a84441f68b9f2b8217b83>@@AEAV<lambda_ab61a845afdef5b7c387490eaf3616ee>@@$$QEAV<lambda_f7f22ab5edc0698d5f6905b0d3f44752>@@@Z@4HA 000000018001f200     libucrt:fflush.obj
 0004:0000120c       $pdata$__acrt_update_thread_locale_data$fin$0 000000018001f20c     libucrt:locale_refcounting.obj
 0004:00001218       $pdata$?fin$0@?0???$?RV<lambda_a37b2b86f63e897a80ea819b0eb08c01>@@AEAV<lambda_38ce7e780aa69e748d6df282ebc68efe>@@V<lambda_99fb1378e971ab6e7edea83e3a7a83a2>@@@?$__crt_seh_guarded_call@H@@QEAAH$$QEAV<lambda_a37b2b86f63e897a80ea819b0eb08c01>@@AEAV<lambda_38ce7e780aa69e748d6df282ebc68efe>@@$$QEAV<lambda_99fb1378e971ab6e7edea83e3a7a83a2>@@@Z@4HA 000000018001f218     libucrt:commit.obj
 0004:00001218       $pdata$?fin$0@?0???$?RV<lambda_751a882b2c74d4b022dec766aa51a29a>@@AEAV<lambda_628dfdc04ba53c8bfc02c9951375f3f5>@@V<lambda_f6c7be5f7998530c34de24c7437d6b54>@@@?$__crt_seh_guarded_call@H@@QEAAH$$QEAV<lambda_751a882b2c74d4b022dec766aa51a29a>@@AEAV<lambda_628dfdc04ba53c8bfc02c9951375f3f5>@@$$QEAV<lambda_f6c7be5f7998530c34de24c7437d6b54>@@@Z@4HA 000000018001f218     libucrt:close.obj
 0004:00001224       $pdata$_write$fin$0        000000018001f224     libucrt:write.obj
 0004:00001230       $pdata$_fcloseall$fin$0    000000018001f230     libucrt:closeall.obj
 0004:0000123c       $pdata$fclose$fin$0        000000018001f23c     libucrt:fclose.obj
 0004:00001248       $pdata$_ctrlfp$filt$0      000000018001f248     libucrt:fpctrl.obj
 0004:00001254       $pdata$_IsNonwritableInCurrentImage$filt$0 000000018001f254     LIBCMT:pesect.obj
 0005:00000060       $R000000                   0000000180020060     * linker generated manifest res *

 Exports

  ordinal    name

        1    _register_ewc_
